src/config/registrations/ItemRegistrations.ts(46,9): error TS2322: Type '(item: FoodItem) => string' is not assignable to type '(item: object) => string'.
  Types of parameters 'item' and 'item' are incompatible.
    Type '{}' is missing the following properties from type 'FoodItem': type, foodType
src/config/registrations/ItemRegistrations.ts(54,9): error TS2322: Type '(item: FoodItem) => string' is not assignable to type '(item: object) => string'.
  Types of parameters 'item' and 'item' are incompatible.
    Type '{}' is missing the following properties from type 'FoodItem': type, foodType
src/config/registrations/ItemRegistrations.ts(70,9): error TS2322: Type '(item: WaterItem) => string' is not assignable to type '(item: object) => string'.
  Types of parameters 'item' and 'item' are incompatible.
    Property 'type' is missing in type '{}' but required in type 'WaterItem'.
src/config/registrations/ItemRegistrations.ts(126,9): error TS2322: Type '(item: ShovelItem) => string' is not assignable to type '(item: object) => string'.
  Types of parameters 'item' and 'item' are incompatible.
    Type '{}' is missing the following properties from type 'ShovelItem': type, uses
src/config/registrations/ItemRegistrations.ts(147,9): error TS2322: Type '(item: BombItem) => string' is not assignable to type '(item: object) => string'.
  Types of parameters 'item' and 'item' are incompatible.
    Property 'type' is missing in type '{}' but required in type 'BombItem'.
src/config/registrations/ItemRegistrations.ts(166,9): error TS2322: Type '(item: BowItem) => string' is not assignable to type '(item: object) => string'.
  Types of parameters 'item' and 'item' are incompatible.
    Type '{}' is missing the following properties from type 'BowItem': type, uses
src/config/registrations/ItemRegistrations.ts(188,9): error TS2322: Type '(item: BishopSpearItem) => string' is not assignable to type '(item: object) => string'.
  Types of parameters 'item' and 'item' are incompatible.
    Type '{}' is missing the following properties from type 'BishopSpearItem': type, uses
src/config/registrations/ItemRegistrations.ts(210,9): error TS2322: Type '(item: HorseIconItem) => string' is not assignable to type '(item: object) => string'.
  Types of parameters 'item' and 'item' are incompatible.
    Type '{}' is missing the following properties from type 'HorseIconItem': type, uses
src/config/registrations/ItemRegistrations.ts(242,9): error TS2322: Type '(item: BookOfTimeTravelItem) => string' is not assignable to type '(item: object) => string'.
  Types of parameters 'item' and 'item' are incompatible.
    Type '{}' is missing the following properties from type 'BookOfTimeTravelItem': type, uses
src/config/registrations/ItemRegistrations.ts(261,9): error TS2322: Type '(item: FischersCubeItem) => string' is not assignable to type '(item: object) => string'.
  Types of parameters 'item' and 'item' are incompatible.
    Type '{}' is missing the following properties from type 'FischersCubeItem': type, uses
src/config/registrations/ItemRegistrations.ts(277,9): error TS2322: Type '(item: TeleportBranchItem) => string' is not assignable to type '(item: object) => string'.
  Types of parameters 'item' and 'item' are incompatible.
    Property 'type' is missing in type '{}' but required in type 'TeleportBranchItem'.
src/controllers/InputCoordinator.ts(112,53): error TS2769: No overload matches this call.
  Overload 1 of 2, '(eventName: "input:key:press", callback: EventCallback<InputKeyPressEvent>): UnsubscribeFunction', gave the following error.
    Argument of type '(event: KeyboardEvent) => void' is not assignable to parameter of type 'EventCallback<InputKeyPressEvent>'.
      Types of parameters 'event' and 'data' are incompatible.
        Type 'InputKeyPressEvent' is missing the following properties from type 'KeyboardEvent': altKey, charCode, code, ctrlKey, and 37 more.
  Overload 2 of 2, '(eventName: string, callback: EventCallback<unknown>): UnsubscribeFunction', gave the following error.
    Argument of type '(event: KeyboardEvent) => void' is not assignable to parameter of type 'EventCallback<unknown>'.
      Types of parameters 'event' and 'data' are incompatible.
        Type 'unknown' is not assignable to type 'KeyboardEvent'.
src/controllers/InputCoordinator.ts(433,17): error TS18048: 'path.length' is possibly 'undefined'.
src/controllers/InputCoordinator.ts(434,34): error TS2345: Argument of type 'string[] | null' is not assignable to parameter of type 'string[]'.
  Type 'null' is not assignable to type 'string[]'.
src/controllers/InputCoordinator.ts(563,76): error TS2345: Argument of type 'Position | undefined' is not assignable to parameter of type 'ICoordinates'.
  Type 'undefined' is not assignable to type 'ICoordinates'.
src/controllers/InputCoordinator.ts(567,72): error TS18048: 'currentPos' is possibly 'undefined'.
src/controllers/InputCoordinator.ts(567,86): error TS18048: 'currentPos' is possibly 'undefined'.
src/controllers/InputCoordinator.ts(597,25): error TS2531: Object is possibly 'null'.
src/controllers/InputCoordinator.ts(628,25): error TS18048: 'path.length' is possibly 'undefined'.
src/controllers/InputCoordinator.ts(629,42): error TS2345: Argument of type 'string[] | null' is not assignable to parameter of type 'string[]'.
  Type 'null' is not assignable to type 'string[]'.
src/controllers/InputCoordinator.ts(634,21): error TS18048: 'path.length' is possibly 'undefined'.
src/controllers/InputCoordinator.ts(635,38): error TS2345: Argument of type 'string[] | null' is not assignable to parameter of type 'string[]'.
  Type 'null' is not assignable to type 'string[]'.
src/core/AnimationCoordinator.ts(37,51): error TS2345: Argument of type '(data: AnimationBumpEvent) => void' is not assignable to parameter of type '(data?: unknown) => void'.
  Types of parameters 'data' and 'data' are incompatible.
    Type 'unknown' is not assignable to type 'AnimationBumpEvent'.
src/core/AnimationCoordinator.ts(55,52): error TS2345: Argument of type '(data: AnimationSmokeEvent) => void' is not assignable to parameter of type '(data?: unknown) => void'.
  Types of parameters 'data' and 'data' are incompatible.
    Type 'unknown' is not assignable to type 'AnimationSmokeEvent'.
src/core/AnimationCoordinator.ts(74,53): error TS2345: Argument of type '(data: PlayerKnockbackEvent) => void' is not assignable to parameter of type '(data?: unknown) => void'.
  Types of parameters 'data' and 'data' are incompatible.
    Type 'unknown' is not assignable to type 'PlayerKnockbackEvent'.
src/core/AnimationScheduler.ts(253,39): error TS2345: Argument of type '(value: void | PromiseLike<void>) => void' is not assignable to parameter of type '(value: unknown) => void'.
  Types of parameters 'value' and 'value' are incompatible.
    Type 'unknown' is not assignable to type 'void | PromiseLike<void>'.
src/core/constants/colors.ts(150,7): error TS2322: Type '"#5e315b" | "#8c3f5d" | "#ba6156" | "#f2a65e" | "#ffe478" | "#cfff70" | "#8fde5d" | "#3ca370" | "#3d6e70" | "#323e4f" | "#322947" | "#473b78" | "#4b5bab" | "#4da6ff" | "#66ffe3" | ... 20 more ... | "#ffb5b5"' is not assignable to type '"#5e315b"'.
  Type '"#8c3f5d"' is not assignable to type '"#5e315b"'.
src/core/DataContracts.ts(254,21): error TS7053: Element implicitly has an 'any' type because expression of type 'string' can't be used to index type 'AnimationData'.
  No index signature with a parameter of type 'string' was found on type 'AnimationData'.
src/core/game.ts(38,9): error TS2531: Object is possibly 'null'.
src/core/GameStateManagerTypes.ts(16,18): error TS2430: Interface 'GameContextWithExtensions' incorrectly extends interface 'GameContext'.
  Types of property 'zones' are incompatible.
    Type 'Map<string, ZoneData>' is missing the following properties from type 'ZoneFacade': managers, transitionToZone, generateZone, spawnTreasuresOnGrid
src/core/GameStateManagerTypes.ts(196,73): error TS2677: A type predicate's type must be assignable to its parameter's type.
  Type 'GameContextWithExtensions' is not assignable to type 'GameContext'.
    Types of property 'zones' are incompatible.
      Type 'Map<string, ZoneData>' is missing the following properties from type 'ZoneFacade': managers, transitionToZone, generateZone, spawnTreasuresOnGrid
src/core/handlers/BaseZoneHandler.ts(25,15): error TS2564: Property 'structureGenerator' has no initializer and is not definitely assigned in the constructor.
src/core/handlers/BaseZoneHandler.ts(26,15): error TS2564: Property 'featureGenerator' has no initializer and is not definitely assigned in the constructor.
src/core/handlers/BaseZoneHandler.ts(27,15): error TS2564: Property 'itemGenerator' has no initializer and is not definitely assigned in the constructor.
src/core/handlers/BaseZoneHandler.ts(28,15): error TS2564: Property 'enemyGenerator' has no initializer and is not definitely assigned in the constructor.
src/core/handlers/BaseZoneHandler.ts(29,15): error TS2564: Property 'pathGenerator' has no initializer and is not definitely assigned in the constructor.
src/core/handlers/BaseZoneHandler.ts(192,33): error TS18048: 'npc.placement' is possibly 'undefined'.
src/core/handlers/UndergroundHandler.ts(56,28): error TS2345: Argument of type 'ZoneConnections' is not assignable to parameter of type 'Record<string, unknown>'.
  Index signature for type 'string' is missing in type 'ZoneConnections'.
src/core/logger.ts(57,11): error TS2783: 'message' is specified more than once, so this usage will be overwritten.
src/core/logger.ts(59,11): error TS2783: 'name' is specified more than once, so this usage will be overwritten.
src/core/NPCLoader.ts(117,21): error TS18048: 'registryConfig.placement' is possibly 'undefined'.
src/core/NPCLoader.ts(119,21): error TS18048: 'registryConfig.placement' is possibly 'undefined'.
src/core/NPCLoader.ts(122,13): error TS18048: 'registryConfig.placement' is possibly 'undefined'.
src/core/NPCLoader.ts(123,13): error TS18048: 'registryConfig.placement' is possibly 'undefined'.
src/core/NPCLoader.ts(124,13): error TS18048: 'registryConfig.placement' is possibly 'undefined'.
src/core/NPCLoader.ts(127,13): error TS18048: 'registryConfig.placement' is possibly 'undefined'.
src/core/NPCLoader.ts(132,13): error TS18048: 'registryConfig.placement' is possibly 'undefined'.
src/core/Position.ts(332,7): error TS2322: Type 'unknown' is not assignable to type 'T | undefined'.
src/core/SaveDeserializer.ts(29,9): error TS2322: Type 'string | null' is not assignable to type 'string'.
  Type 'null' is not assignable to type 'string'.
src/core/SaveDeserializer.ts(70,46): error TS2345: Argument of type 'Grid | undefined' is not assignable to parameter of type 'Grid'.
  Type 'undefined' is not assignable to type 'Tile[][]'.
src/core/SaveSerializer.ts(19,52): error TS2345: Argument of type 'Player | null' is not assignable to parameter of type 'Player'.
  Type 'null' is not assignable to type 'Player'.
src/core/SaveSerializer.ts(21,62): error TS2345: Argument of type 'Player | null' is not assignable to parameter of type 'Player'.
  Type 'null' is not assignable to type 'Player'.
src/core/SaveSerializer.ts(27,13): error TS2322: Type '[string, unknown][]' is not assignable to type '[string, { grid: Grid; enemies: SavedEnemyData[]; discovered: boolean; }][]'.
  Type '[string, unknown]' is not assignable to type '[string, { grid: Grid; enemies: SavedEnemyData[]; discovered: boolean; }]'.
    Type at position 1 in source is not compatible with type at position 1 in target.
      Type 'unknown' is not assignable to type '{ grid: Grid; enemies: SavedEnemyData[]; discovered: boolean; }'.
src/core/sound/SoundLifecycleManager.ts(60,9): error TS2322: Type 'boolean | null' is not assignable to type 'boolean'.
  Type 'null' is not assignable to type 'boolean'.
src/core/TurnManager.ts(83,37): error TS2339: Property 'gestureDetector' does not exist on type 'InputManager'.
src/core/TurnManager.ts(84,36): error TS2339: Property 'gestureDetector' does not exist on type 'InputManager'.
src/core/ZoneGenerator.ts(67,28): error TS2345: Argument of type 'this' is not assignable to parameter of type 'ZoneGenContext'.
  Type 'ZoneGenerator' is not assignable to type 'ZoneGenContext'.
    Types of property 'enemies' are incompatible.
      Type 'unknown[]' is not assignable to type '{ [key: string]: unknown; x: number; y: number; }[]'.
        Type 'unknown' is not assignable to type '{ [key: string]: unknown; x: number; y: number; }'.
src/core/ZoneGenerator.ts(88,91): error TS2554: Expected 1-2 arguments, but got 3.
src/core/ZoneGenerator.ts(114,92): error TS2345: Argument of type 'string | undefined' is not assignable to parameter of type 'string | null'.
  Type 'undefined' is not assignable to type 'string | null'.
src/core/ZoneGenerator.ts(127,38): error TS2345: Argument of type 'this' is not assignable to parameter of type 'ZoneGenContext'.
  Type 'ZoneGenerator' is not assignable to type 'ZoneGenContext'.
    Types of property 'enemies' are incompatible.
      Type 'unknown[]' is not assignable to type '{ [key: string]: unknown; x: number; y: number; }[]'.
        Type 'unknown' is not assignable to type '{ [key: string]: unknown; x: number; y: number; }'.
src/core/zoneSpawnManager.ts(5,33): error TS6137: Cannot import type declaration files. Consider importing 'game' instead of '@types/game'.
src/enemy/BaseEnemy.ts(20,12): error TS2564: Property 'x' has no initializer and is not definitely assigned in the constructor.
src/enemy/BaseEnemy.ts(21,12): error TS2564: Property 'y' has no initializer and is not definitely assigned in the constructor.
src/enemy/BaseEnemy.ts(22,12): error TS2564: Property 'lastX' has no initializer and is not definitely assigned in the constructor.
src/enemy/BaseEnemy.ts(23,12): error TS2564: Property 'lastY' has no initializer and is not definitely assigned in the constructor.
src/enemy/BaseEnemy.ts(208,39): error TS2345: Argument of type 'number' is not assignable to parameter of type '0 | 10 | 12 | 6 | 7 | 28 | 9 | 11 | 24 | 27 | 29 | 49'.
src/enemy/EnemyAttack.ts(80,13): error TS2345: Argument of type 'Grid' is not assignable to parameter of type 'GridCompat'.
  Type 'Tile[]' is not assignable to type 'TileCompat[]'.
    Type 'Tile' is not assignable to type 'TileCompat'.
      Type 'undefined' is not assignable to type 'TileCompat'.
src/enemy/EnemyAttack.ts(129,17): error TS2345: Argument of type 'EnemyWithAttack' is not assignable to parameter of type 'Enemy'.
  Type 'EnemyWithAttack' is missing the following properties from type 'Enemy': serialize, _position, _lastPosition, lastX, and 20 more.
src/enemy/EnemyAttack.ts(163,13): error TS2345: Argument of type 'Grid' is not assignable to parameter of type 'GridCompat'.
  Type 'Tile[]' is not assignable to type 'TileCompat[]'.
    Type 'Tile' is not assignable to type 'TileCompat'.
      Type 'undefined' is not assignable to type 'TileCompat'.
src/enemy/EnemyAttack.ts(266,17): error TS2345: Argument of type 'EnemyWithAttack' is not assignable to parameter of type 'Enemy'.
  Type 'EnemyWithAttack' is missing the following properties from type 'Enemy': serialize, _position, _lastPosition, lastX, and 20 more.
src/enemy/EnemyAttackHelper.ts(7,27): error TS6137: Cannot import type declaration files. Consider importing 'game' instead of '@types/game'.
src/enemy/EnemyChargeBehaviors.ts(8,33): error TS6137: Cannot import type declaration files. Consider importing 'core' instead of '@types/core'.
src/enemy/EnemyLineOfSight.ts(6,33): error TS6137: Cannot import type declaration files. Consider importing 'core' instead of '@types/core'.
src/enemy/EnemyMovement.ts(29,9): error TS2322: Type 'Position | null' is not assignable to type 'Position'.
  Type 'null' is not assignable to type 'Position'.
src/enemy/EnemySpecialActions.ts(23,80): error TS2345: Argument of type 'Grid' is not assignable to parameter of type 'GridCompat'.
  Type 'Tile[]' is not assignable to type 'TileCompat[]'.
    Type 'Tile' is not assignable to type 'TileCompat'.
      Type 'undefined' is not assignable to type 'TileCompat'.
src/enemy/EnemySpecialActions.ts(24,108): error TS2345: Argument of type 'Grid' is not assignable to parameter of type 'GridCompat'.
  Type 'Tile[]' is not assignable to type 'TileCompat[]'.
    Type 'Tile' is not assignable to type 'TileCompat'.
      Type 'undefined' is not assignable to type 'TileCompat'.
src/enemy/EnemySpecialActions.ts(76,82): error TS2345: Argument of type 'Grid' is not assignable to parameter of type 'GridCompat'.
  Type 'Tile[]' is not assignable to type 'TileCompat[]'.
    Type 'Tile' is not assignable to type 'TileCompat'.
      Type 'undefined' is not assignable to type 'TileCompat'.
src/enemy/EnemySpecialActions.ts(84,25): error TS2345: Argument of type 'import("c:/Users/virgi/OneDrive/Desktop/Apps/Chesse/src/enemy/MoveCalculators/base").Enemy' is not assignable to parameter of type 'import("c:/Users/virgi/OneDrive/Desktop/Apps/Chesse/src/entities/Enemy").Enemy'.
  Type 'Enemy' is missing the following properties from type 'Enemy': serialize, _position, _lastPosition, deathAnimation, and 15 more.
src/enemy/EnemySpecialActions.ts(134,29): error TS2345: Argument of type 'import("c:/Users/virgi/OneDrive/Desktop/Apps/Chesse/src/enemy/MoveCalculators/base").Enemy' is not assignable to parameter of type 'import("c:/Users/virgi/OneDrive/Desktop/Apps/Chesse/src/entities/Enemy").Enemy'.
  Type 'Enemy' is missing the following properties from type 'Enemy': serialize, _position, _lastPosition, deathAnimation, and 15 more.
src/enemy/EnemySpecialActions.ts(162,101): error TS2345: Argument of type 'Grid' is not assignable to parameter of type 'GridCompat'.
  Type 'Tile[]' is not assignable to type 'TileCompat[]'.
    Type 'Tile' is not assignable to type 'TileCompat'.
      Type 'undefined' is not assignable to type 'TileCompat'.
src/enemy/EnemySpecialActions.ts(195,25): error TS2345: Argument of type 'import("c:/Users/virgi/OneDrive/Desktop/Apps/Chesse/src/enemy/MoveCalculators/base").Enemy' is not assignable to parameter of type 'import("c:/Users/virgi/OneDrive/Desktop/Apps/Chesse/src/entities/Enemy").Enemy'.
  Type 'Enemy' is missing the following properties from type 'Enemy': serialize, _position, _lastPosition, deathAnimation, and 15 more.
src/enemy/MoveCalculators/interaction.ts(37,90): error TS2345: Argument of type 'Game | null' is not assignable to parameter of type 'Game'.
  Type 'null' is not assignable to type 'Game'.
src/enemy/MoveCalculators/lazerd.ts(24,9): error TS2322: Type 'Position | null' is not assignable to type 'Position'.
  Type 'null' is not assignable to type 'Position'.
src/enemy/MoveCalculators/lizardeaux.ts(23,9): error TS2322: Type 'Position | null' is not assignable to type 'Position'.
  Type 'null' is not assignable to type 'Position'.
src/enemy/MoveCalculators/lizardo.ts(44,13): error TS2345: Argument of type '(enemy: Enemy, player: Player, playerX: number, playerY: number, grid: Grid, enemies: Enemy[], game: Game | null) => void' is not assignable to parameter of type 'PerformAttackFn'.
  Types of parameters 'grid' and 'grid' are incompatible.
    Type 'null' is not assignable to type 'Grid'.
src/enemy/MoveCalculators/lizardy.ts(6,27): error TS6137: Cannot import type declaration files. Consider importing 'game' instead of '@types/game'.
src/enemy/MoveCalculators/lizardy.ts(77,13): error TS2345: Argument of type '(enemy: Enemy, player: Player, playerX: number, playerY: number, grid: Grid, enemies: Enemy[], game: Game | null) => void' is not assignable to parameter of type 'PerformAttackFn'.
  Types of parameters 'grid' and 'grid' are incompatible.
    Type 'null' is not assignable to type 'Grid'.
src/enemy/MoveCalculators/zard.ts(47,19): error TS2722: Cannot invoke an object which is possibly 'undefined'.
src/enemy/MoveCalculators/zard.ts(79,13): error TS2345: Argument of type '(enemy: Enemy, player: Player, playerX: number, playerY: number, grid: Grid, enemies: Enemy[], game: Game | null) => void' is not assignable to parameter of type 'PerformAttackFn'.
  Types of parameters 'grid' and 'grid' are incompatible.
    Type 'null' is not assignable to type 'Grid'.
src/enemy/TacticalAI.ts(19,27): error TS6137: Cannot import type declaration files. Consider importing 'game' instead of '@types/game'.
src/entities/Enemy.ts(49,5): error TS2416: Property 'serialize' in type 'Enemy' is not assignable to the same property in base type 'BaseEnemy'.
  Type '() => SerializedEnemy' is not assignable to type '() => Record<string, unknown>'.
    Type 'SerializedEnemy' is not assignable to type 'Record<string, unknown>'.
      Index signature for type 'string' is missing in type 'SerializedEnemy'.
src/entities/Player.ts(35,12): error TS2564: Property 'x' has no initializer and is not definitely assigned in the constructor.
src/entities/Player.ts(36,12): error TS2564: Property 'y' has no initializer and is not definitely assigned in the constructor.
src/entities/Player.ts(37,12): error TS2564: Property 'lastX' has no initializer and is not definitely assigned in the constructor.
src/entities/Player.ts(38,12): error TS2564: Property 'lastY' has no initializer and is not definitely assigned in the constructor.
src/facades/InteractionFacade.ts(78,54): error TS2345: Argument of type 'Coordinates' is not assignable to parameter of type 'Position'.
  Type 'Coordinates' is missing the following properties from type 'Position': equals, isZero, chebyshevDistance, manhattanDistance, and 28 more.
src/facades/InteractionFacade.ts(82,56): error TS2345: Argument of type 'Coordinates' is not assignable to parameter of type 'Position'.
  Type 'Coordinates' is missing the following properties from type 'Position': equals, isZero, chebyshevDistance, manhattanDistance, and 28 more.
src/facades/InteractionFacade.ts(87,34): error TS2339: Property 'handleKeyPress' does not exist on type 'InputUIHandler'.
src/facades/PlayerInventoryFacade.ts(5,36): error TS6137: Cannot import type declaration files. Consider importing 'game' instead of '@types/game'.
src/generators/FeatureGenerator.ts(277,40): error TS2339: Property 'findTiles' does not exist on type 'GridManager'.
src/generators/FeatureGenerator.ts(279,26): error TS7031: Binding element 'x' implicitly has an 'any' type.
src/generators/FeatureGenerator.ts(279,29): error TS7031: Binding element 'y' implicitly has an 'any' type.
src/generators/ItemGenerator.ts(91,33): error TS18048: 'itemConfig.spawnWeight' is possibly 'undefined'.
src/generators/ItemGenerator.ts(154,49): error TS2571: Object is of type 'unknown'.
src/generators/ItemGenerator.ts(155,25): error TS2571: Object is of type 'unknown'.
src/generators/StructureGenerator.ts(31,44): error TS2345: Argument of type 'GridManager' is not assignable to parameter of type 'Grid'.
  Type 'GridManager' is missing the following properties from type 'Tile[][]': length, pop, push, concat, and 25 more.
src/generators/StructureGenerator.ts(36,44): error TS2345: Argument of type 'GridManager' is not assignable to parameter of type 'Grid'.
  Type 'GridManager' is missing the following properties from type 'Tile[][]': length, pop, push, concat, and 25 more.
src/generators/StructureGenerator.ts(113,50): error TS2345: Argument of type '"bigTree"' is not assignable to parameter of type 'keyof SpawnFlags'.
src/managers/EnvironmentalInteractionManager.ts(72,61): error TS2345: Argument of type 'number | undefined' is not assignable to parameter of type 'number'.
  Type 'undefined' is not assignable to type 'number'.
src/managers/EnvironmentalInteractionManager.ts(98,50): error TS2339: Property 'CUBE' does not exist on type '{ readonly FLOOR: 0; readonly WALL: 1; readonly GRASS: 2; readonly EXIT: 3; readonly ROCK: 4; readonly HOUSE: 5; readonly MUSEUM: 5; readonly WATER: 6; readonly FOOD: 7; readonly ENEMY: 8; readonly LIZARDY: 127; ... 139 more ...; readonly GRAWLIX: 159; }'.
src/managers/EnvironmentalInteractionManager.ts(99,37): error TS2339: Property 'CUBE' does not exist on type '{ readonly FLOOR: 0; readonly WALL: 1; readonly GRASS: 2; readonly EXIT: 3; readonly ROCK: 4; readonly HOUSE: 5; readonly MUSEUM: 5; readonly WATER: 6; readonly FOOD: 7; readonly ENEMY: 8; readonly LIZARDY: 127; ... 139 more ...; readonly GRAWLIX: 159; }'.
src/managers/EnvironmentalInteractionManager.ts(111,66): error TS2339: Property 'CUBE' does not exist on type '{ readonly FLOOR: 0; readonly WALL: 1; readonly GRASS: 2; readonly EXIT: 3; readonly ROCK: 4; readonly HOUSE: 5; readonly MUSEUM: 5; readonly WATER: 6; readonly FOOD: 7; readonly ENEMY: 8; readonly LIZARDY: 127; ... 139 more ...; readonly GRAWLIX: 159; }'.
src/managers/EnvironmentalInteractionManager.ts(128,68): error TS2353: Object literal may only specify known properties, and 'cubeGridCoords' does not exist in type 'ItemEffectContext'.
src/managers/EnvironmentalInteractionManager.ts(446,85): error TS2339: Property 'foodAssets' does not exist on type 'Game'.
src/managers/EnvironmentalInteractionManager.ts(547,49): error TS2339: Property 'CUBE' does not exist on type '{ readonly FLOOR: 0; readonly WALL: 1; readonly GRASS: 2; readonly EXIT: 3; readonly ROCK: 4; readonly HOUSE: 5; readonly MUSEUM: 5; readonly WATER: 6; readonly FOOD: 7; readonly ENEMY: 8; readonly LIZARDY: 127; ... 139 more ...; readonly GRAWLIX: 159; }'.
src/managers/EnvironmentalInteractionManager.ts(548,35): error TS2339: Property 'CUBE' does not exist on type '{ readonly FLOOR: 0; readonly WALL: 1; readonly GRASS: 2; readonly EXIT: 3; readonly ROCK: 4; readonly HOUSE: 5; readonly MUSEUM: 5; readonly WATER: 6; readonly FOOD: 7; readonly ENEMY: 8; readonly LIZARDY: 127; ... 139 more ...; readonly GRAWLIX: 159; }'.
src/managers/EnvironmentalInteractionManager.ts(551,66): error TS2339: Property 'CUBE' does not exist on type '{ readonly FLOOR: 0; readonly WALL: 1; readonly GRASS: 2; readonly EXIT: 3; readonly ROCK: 4; readonly HOUSE: 5; readonly MUSEUM: 5; readonly WATER: 6; readonly FOOD: 7; readonly ENEMY: 8; readonly LIZARDY: 127; ... 139 more ...; readonly GRAWLIX: 159; }'.
src/managers/EnvironmentalInteractionManager.ts(568,68): error TS2353: Object literal may only specify known properties, and 'cubeGridCoords' does not exist in type 'ItemEffectContext'.
src/managers/EnvironmentalInteractionManager.ts(580,61): error TS2345: Argument of type 'number | undefined' is not assignable to parameter of type 'number'.
  Type 'undefined' is not assignable to type 'number'.
src/managers/grid/GridCoreOperations.ts(91,22): error TS2698: Spread types may only be created from object types.
src/managers/grid/GridIterationOperations.ts(78,30): error TS2698: Spread types may only be created from object types.
src/managers/inventory/effects/SpecialEffects.ts(282,15): error TS2741: Property 'getSize' is missing in type '{ getTile: (x: number, y: number) => Tile; }' but required in type 'GridManager'.
src/managers/inventory/effects/SpecialEffects.ts(304,72): error TS18047: 'tile' is possibly 'null'.
src/managers/inventory/InventoryInteractionHandler.ts(172,17): error TS2345: Argument of type 'null' is not assignable to parameter of type 'string'.
src/managers/ItemManager.ts(158,34): error TS2339: Property 'type' does not exist on type 'number | TileObject'.
  Property 'type' does not exist on type 'number'.
src/managers/ItemManager.ts(161,71): error TS2339: Property 'foodType' does not exist on type 'number | TileObject'.
  Property 'foodType' does not exist on type 'number'.
src/managers/ItemManager.ts(174,78): error TS2339: Property 'type' does not exist on type 'number | TileObject'.
  Property 'type' does not exist on type 'number'.
src/managers/ItemManager.ts(176,69): error TS2339: Property 'uses' does not exist on type 'number | TileObject'.
  Property 'uses' does not exist on type 'number'.
src/managers/NPCInteractionManager.ts(102,25): error TS2367: This comparison appears to be unintentional because the types 'CycleMode' and '"sequential"' have no overlap.
src/managers/NPCInteractionManager.ts(140,17): error TS2322: Type 'null' is not assignable to type 'InventoryItem'.
src/managers/NPCInteractionManager.ts(211,29): error TS2367: This comparison appears to be unintentional because the types 'CycleMode' and '"sequential"' have no overlap.
src/managers/NPCInteractionManager.ts(300,29): error TS2367: This comparison appears to be unintentional because the types 'CycleMode' and '"sequential"' have no overlap.
src/managers/RadialPersistence.ts(30,15): error TS2304: Cannot find name 'logger'.
src/managers/RadialPersistence.ts(52,15): error TS2304: Cannot find name 'logger'.
src/managers/RadialPersistence.ts(62,9): error TS2304: Cannot find name 'logger'.
src/managers/TerrainInteractionManager.ts(74,80): error TS2345: Argument of type '(zoneX: number, zoneY: number, exitSide: string) => void' is not assignable to parameter of type '() => void'.
  Target signature provides too few arguments. Expected 3 or more, but got 0.
src/managers/TerrainInteractionManager.ts(85,80): error TS2345: Argument of type '(zoneX: number, zoneY: number, exitSide: string) => void' is not assignable to parameter of type '() => void'.
  Target signature provides too few arguments. Expected 3 or more, but got 0.
src/managers/ZoneGenerationOrchestrator.ts(249,30): error TS18047: 'zoneData.playerSpawn' is possibly 'null'.
src/managers/ZoneGenerationOrchestrator.ts(250,30): error TS18047: 'zoneData.playerSpawn' is possibly 'null'.
src/managers/ZoneGenerationOrchestrator.ts(252,17): error TS18047: 'zoneData.playerSpawn' is possibly 'null'.
src/managers/ZoneGenerationOrchestrator.ts(254,24): error TS18047: 'zoneData.playerSpawn' is possibly 'null'.
src/managers/ZoneGenerationOrchestrator.ts(256,24): error TS18047: 'zoneData.playerSpawn' is possibly 'null'.
src/managers/ZoneGenerationOrchestrator.ts(258,24): error TS18047: 'zoneData.playerSpawn' is possibly 'null'.
src/managers/ZoneGenerationOrchestrator.ts(326,57): error TS2345: Argument of type '(e: Enemy) => any' is not assignable to parameter of type '(value: EnemyData, index: number, array: EnemyData[]) => any'.
  Types of parameters 'e' and 'value' are incompatible.
    Type 'EnemyData' is missing the following properties from type 'Enemy': serialize, _position, _lastPosition, lastX, and 24 more.
src/managers/ZoneGenerationOrchestrator.ts(333,9): error TS18047: 'enemyCollection' is possibly 'null'.
src/managers/ZoneManager.ts(151,50): error TS2345: Argument of type 'Grid | null' is not assignable to parameter of type 'any[][]'.
  Type 'null' is not assignable to type 'any[][]'.
src/managers/ZoneManager.ts(189,42): error TS2345: Argument of type 'Grid | null' is not assignable to parameter of type 'any[][]'.
  Type 'null' is not assignable to type 'any[][]'.
src/npc/BaseNPC.ts(16,12): error TS2564: Property 'x' has no initializer and is not definitely assigned in the constructor.
src/npc/BaseNPC.ts(17,12): error TS2564: Property 'y' has no initializer and is not definitely assigned in the constructor.
src/npc/BaseNPC.ts(18,12): error TS2564: Property 'lastX' has no initializer and is not definitely assigned in the constructor.
src/npc/BaseNPC.ts(19,12): error TS2564: Property 'lastY' has no initializer and is not definitely assigned in the constructor.
src/renderers/AnimationRenderer.ts(31,9): error TS2322: Type 'CanvasRenderingContext2D | null' is not assignable to type 'CanvasRenderingContext2D'.
  Type 'null' is not assignable to type 'CanvasRenderingContext2D'.
src/renderers/AnimationRenderer.ts(32,9): error TS2322: Type 'TextureManager | null' is not assignable to type 'TextureManager'.
  Type 'null' is not assignable to type 'TextureManager'.
src/renderers/AnimationRenderer.ts(36,34): error TS2532: Object is possibly 'undefined'.
src/renderers/AnimationRenderer.ts(65,28): error TS2531: Object is possibly 'null'.
src/renderers/AnimationRenderer.ts(111,28): error TS2531: Object is possibly 'null'.
src/renderers/AnimationRenderer.ts(139,28): error TS2531: Object is possibly 'null'.
src/renderers/AnimationRenderer.ts(182,28): error TS2531: Object is possibly 'null'.
src/renderers/FogRenderer.ts(47,9): error TS2322: Type 'CanvasRenderingContext2D | null' is not assignable to type 'CanvasRenderingContext2D'.
  Type 'null' is not assignable to type 'CanvasRenderingContext2D'.
src/renderers/FogRenderer.ts(48,9): error TS2322: Type 'TextureManager | null' is not assignable to type 'TextureManager'.
  Type 'null' is not assignable to type 'TextureManager'.
src/renderers/FogRenderer.ts(52,29): error TS2532: Object is possibly 'undefined'.
src/renderers/FogRenderer.ts(58,45): error TS2532: Object is possibly 'undefined'.
src/renderers/NPCRenderer.ts(29,9): error TS2322: Type 'CanvasRenderingContext2D | null' is not assignable to type 'CanvasRenderingContext2D'.
  Type 'null' is not assignable to type 'CanvasRenderingContext2D'.
src/renderers/NPCRenderer.ts(30,9): error TS2322: Type 'TextureManager | null' is not assignable to type 'TextureManager'.
  Type 'null' is not assignable to type 'TextureManager'.
src/renderers/NPCRenderer.ts(42,30): error TS2531: Object is possibly 'null'.
src/renderers/RendererUtils.ts(167,106): error TS7015: Element implicitly has an 'any' type because index expression is not of type 'number'.
src/renderers/RendererUtils.ts(168,28): error TS7015: Element implicitly has an 'any' type because index expression is not of type 'number'.
src/renderers/RenderManager.ts(574,84): error TS2345: Argument of type 'GridManager | null' is not assignable to parameter of type 'GridManager'.
  Type 'null' is not assignable to type 'GridManager'.
src/renderers/strategies/SimpleOverlayRenderStrategy.ts(53,13): error TS2345: Argument of type 'string | null' is not assignable to parameter of type 'string | undefined'.
  Type 'null' is not assignable to type 'string | undefined'.
src/renderers/TextureManager.ts(61,59): error TS2345: Argument of type 'unknown' is not assignable to parameter of type 'GridManager | any[][]'.
src/renderers/UIRenderer.ts(19,9): error TS2322: Type 'CanvasRenderingContext2D | null' is not assignable to type 'CanvasRenderingContext2D'.
  Type 'null' is not assignable to type 'CanvasRenderingContext2D'.
src/renderers/UIRenderer.ts(20,9): error TS2322: Type 'TextureManager | null' is not assignable to type 'TextureManager'.
  Type 'null' is not assignable to type 'TextureManager'.
src/renderers/UIRenderer.ts(34,27): error TS2531: Object is possibly 'null'.
src/services/CompressionService.ts(320,25): error TS2454: Variable 'c' is used before being assigned.
src/services/CompressionService.ts(321,13): error TS2454: Variable 'c' is used before being assigned.
src/services/CompressionService.ts(322,19): error TS2454: Variable 'c' is used before being assigned.
src/state/core/StateDebugger.ts(409,64): error TS7053: Element implicitly has an 'any' type because expression of type 'string' can't be used to index type '{}'.
  No index signature with a parameter of type 'string' was found on type '{}'.
src/state/core/StateDebugger.ts(589,27): error TS2769: No overload matches this call.
  Overload 1 of 4, '(value: string | number | Date): Date', gave the following error.
    Argument of type '{}' is not assignable to parameter of type 'string | number | Date'.
  Overload 2 of 4, '(value: string | number): Date', gave the following error.
    Argument of type '{}' is not assignable to parameter of type 'string | number'.
src/state/core/StatePersistence.ts(275,11): error TS2322: Type '{ key: string; zone: any; isSpecial: boolean | undefined; isCurrent: any; timestamp: any; }[]' is not assignable to type 'ZoneMetadata[]'.
  Type '{ key: string; zone: any; isSpecial: boolean | undefined; isCurrent: any; timestamp: any; }' is not assignable to type 'ZoneMetadata'.
    Types of property 'isSpecial' are incompatible.
      Type 'boolean | undefined' is not assignable to type 'boolean'.
        Type 'undefined' is not assignable to type 'boolean'.
src/state/core/StateStore.ts(153,25): error TS7053: Element implicitly has an 'any' type because expression of type 'string' can't be used to index type '{ persistent: { player: { position: { x: number; y: number; lastX: number; lastY: number; }; currentZone: { x: number; y: number; dimension: string; depth: number; }; visitedZones: Set<unknown>; inventory: never[]; ... 6 more ...; interactOnReach: null; }; ... 5 more ...; currentRegion: string; }; session: { ...; };...'.
  No index signature with a parameter of type 'string' was found on type '{ persistent: { player: { position: { x: number; y: number; lastX: number; lastY: number; }; currentZone: { x: number; y: number; dimension: string; depth: number; }; visitedZones: Set<unknown>; inventory: never[]; ... 6 more ...; interactOnReach: null; }; ... 5 more ...; currentRegion: string; }; session: { ...; };...'.
src/ui/OverlayAnimations.ts(184,99): error TS2304: Cannot find name 'logger'.
src/ui/OverlayAnimations.ts(185,80): error TS2304: Cannot find name 'logger'.
src/ui/OverlayAnimations.ts(194,99): error TS2304: Cannot find name 'logger'.
src/ui/OverlayAnimations.ts(195,80): error TS2304: Cannot find name 'logger'.
src/ui/OverlayAnimations.ts(199,17): error TS2304: Cannot find name 'logger'.
src/ui/OverlayAnimations.ts(200,78): error TS2304: Cannot find name 'logger'.
src/ui/OverlayAnimations.ts(207,73): error TS2304: Cannot find name 'logger'.
src/ui/OverlayMessageHandler.ts(171,9): error TS2531: Object is possibly 'null'.
src/ui/PlayerStatsUI.ts(44,24): error TS2532: Object is possibly 'undefined'.
src/ui/PlayerStatsUI.ts(45,24): error TS2532: Object is possibly 'undefined'.
src/ui/PlayerStatsUI.ts(60,24): error TS2532: Object is possibly 'undefined'.
src/ui/PlayerStatsUI.ts(78,37): error TS2532: Object is possibly 'undefined'.
src/ui/PlayerStatsUI.ts(84,40): error TS2532: Object is possibly 'undefined'.
src/ui/RadialInventoryUI.ts(282,79): error TS2532: Object is possibly 'undefined'.
src/ui/RadialInventoryUI.ts(282,113): error TS2532: Object is possibly 'undefined'.
src/ui/RadialInventoryUI.ts(295,79): error TS2532: Object is possibly 'undefined'.
src/ui/RadialInventoryUI.ts(295,113): error TS2532: Object is possibly 'undefined'.
src/ui/StatsPanelManager.ts(341,35): error TS2345: Argument of type 'GameInstance' is not assignable to parameter of type 'GameContext'.
  Type 'GameInstance' is missing the following properties from type 'GameContext': enemies, grid, gridManager, specialZones, and 90 more.
src/ui/textbox.ts(91,17): error TS2322: Type 'string | undefined' is not assignable to type 'string'.
  Type 'undefined' is not assignable to type 'string'.
src/ui/textbox.ts(94,25): error TS18048: 'characterData.interaction.trades' is possibly 'undefined'.
src/ui/textbox.ts(317,27): error TS18048: 'characterData.interaction.dialogueTree' is possibly 'undefined'.
src/ui/textbox.ts(318,30): error TS18048: 'characterData.interaction.dialogueTree' is possibly 'undefined'.
src/ui/TextFitter.ts(28,9): error TS2304: Cannot find name 'logger'.
src/ui/TextFitter.ts(42,13): error TS2304: Cannot find name 'logger'.
src/ui/TextFitter.ts(78,13): error TS2304: Cannot find name 'logger'.
src/ui/UIEventCoordinator.ts(102,52): error TS2769: No overload matches this call.
  Overload 1 of 2, '(eventName: "ui:dialog:show", callback: EventCallback<UIDialogShowEvent>): UnsubscribeFunction', gave the following error.
    Argument of type '(data: UIDialogShowEvent) => void' is not assignable to parameter of type 'EventCallback<UIDialogShowEvent>'.
      Types of parameters 'data' and 'data' are incompatible.
        Type 'import("c:/Users/virgi/OneDrive/Desktop/Apps/Chesse/src/core/events/UIEvents").UIDialogShowEvent' is not assignable to type 'UIDialogShowEvent'.
          Types of property 'type' are incompatible.
            Type 'string' is not assignable to type '"barter" | "sign" | "statue"'.
  Overload 2 of 2, '(eventName: string, callback: EventCallback<unknown>): UnsubscribeFunction', gave the following error.
    Argument of type '(data: UIDialogShowEvent) => void' is not assignable to parameter of type 'EventCallback<unknown>'.
      Types of parameters 'data' and 'data' are incompatible.
        Type 'unknown' is not assignable to type 'UIDialogShowEvent'.
src/ui/UIEventCoordinator.ts(105,52): error TS2769: No overload matches this call.
  Overload 1 of 2, '(eventName: "ui:dialog:hide", callback: EventCallback<UIDialogHideEvent>): UnsubscribeFunction', gave the following error.
    Argument of type '(data: UIDialogHideEvent) => void' is not assignable to parameter of type 'EventCallback<UIDialogHideEvent>'.
      Types of parameters 'data' and 'data' are incompatible.
        Type 'import("c:/Users/virgi/OneDrive/Desktop/Apps/Chesse/src/core/events/UIEvents").UIDialogHideEvent' is not assignable to type 'UIDialogHideEvent'.
          Types of property 'type' are incompatible.
            Type 'string' is not assignable to type '"barter" | "sign" | "statue"'.
  Overload 2 of 2, '(eventName: string, callback: EventCallback<unknown>): UnsubscribeFunction', gave the following error.
    Argument of type '(data: UIDialogHideEvent) => void' is not assignable to parameter of type 'EventCallback<unknown>'.
      Types of parameters 'data' and 'data' are incompatible.
        Type 'unknown' is not assignable to type 'UIDialogHideEvent'.
src/ui/UIEventCoordinator.ts(121,52): error TS2769: No overload matches this call.
  Overload 1 of 2, '(eventName: "ui:message:log", callback: EventCallback<UIMessageLogEvent>): UnsubscribeFunction', gave the following error.
    Argument of type '(data: UIMessageLogEvent) => void' is not assignable to parameter of type 'EventCallback<UIMessageLogEvent>'.
      Types of parameters 'data' and 'data' are incompatible.
        Type 'import("c:/Users/virgi/OneDrive/Desktop/Apps/Chesse/src/core/events/UIEvents").UIMessageLogEvent' is not assignable to type 'UIMessageLogEvent'.
          Types of property 'priority' are incompatible.
            Type 'string | undefined' is not assignable to type '"error" | "warning" | "info" | undefined'.
              Type 'string' is not assignable to type '"error" | "warning" | "info" | undefined'.
  Overload 2 of 2, '(eventName: string, callback: EventCallback<unknown>): UnsubscribeFunction', gave the following error.
    Argument of type '(data: UIMessageLogEvent) => void' is not assignable to parameter of type 'EventCallback<unknown>'.
      Types of parameters 'data' and 'data' are incompatible.
        Type 'unknown' is not assignable to type 'UIMessageLogEvent'.
src/ui/UIManager.ts(106,61): error TS2531: Object is possibly 'null'.
src/ui/UIManager.ts(113,21): error TS2531: Object is possibly 'null'.
src/ui/UIManager.ts(123,22): error TS2531: Object is possibly 'null'.
src/ui/UIManager.ts(140,31): error TS2531: Object is possibly 'null'.
src/ui/UIManager.ts(141,42): error TS2531: Object is possibly 'null'.
src/ui/UIManager.ts(142,42): error TS2531: Object is possibly 'null'.
src/ui/UIManager.ts(146,42): error TS2531: Object is possibly 'null'.
src/ui/UIManager.ts(147,42): error TS2531: Object is possibly 'null'.
src/ui/UIManager.ts(206,50): error TS2531: Object is possibly 'null'.
src/ui/VoiceSettings.ts(253,30): error TS2339: Property 'gain' does not exist on type '{ default: typeof import("@strudel/core"); note(value: string): Pattern<any>; s(value: string): Pattern<any>; stack(...patterns: Pattern<any>[]): Pattern<any>; seq(...values: string[]): Pattern<...>; repl(options?: ReplOptions | undefined): ReplInstance; }'.
src/ui/VoiceSettings.ts(253,46): error TS2339: Property 'room' does not exist on type '{ default: typeof import("@strudel/core"); note(value: string): Pattern<any>; s(value: string): Pattern<any>; stack(...patterns: Pattern<any>[]): Pattern<any>; seq(...values: string[]): Pattern<...>; repl(options?: ReplOptions | undefined): ReplInstance; }'.
src/ui/VoiceSettings.ts(253,62): error TS2339: Property 'lpf' does not exist on type '{ default: typeof import("@strudel/core"); note(value: string): Pattern<any>; s(value: string): Pattern<any>; stack(...patterns: Pattern<any>[]): Pattern<any>; seq(...values: string[]): Pattern<...>; repl(options?: ReplOptions | undefined): ReplInstance; }'.
src/ui/VoiceSettings.ts(253,76): error TS2339: Property 'attack' does not exist on type '{ default: typeof import("@strudel/core"); note(value: string): Pattern<any>; s(value: string): Pattern<any>; stack(...patterns: Pattern<any>[]): Pattern<any>; seq(...values: string[]): Pattern<...>; repl(options?: ReplOptions | undefined): ReplInstance; }'.
src/ui/VoiceSettings.ts(253,96): error TS2339: Property 'decay' does not exist on type '{ default: typeof import("@strudel/core"); note(value: string): Pattern<any>; s(value: string): Pattern<any>; stack(...patterns: Pattern<any>[]): Pattern<any>; seq(...values: string[]): Pattern<...>; repl(options?: ReplOptions | undefined): ReplInstance; }'.
src/ui/VoiceSettings.ts(273,22): error TS2339: Property 's' does not exist on type 'Pattern<any>'.
src/ui/VoiceSettings.ts(294,32): error TS2554: Expected 1 arguments, but got 0.
src/utils/LineOfSightUtils.ts(6,33): error TS6137: Cannot import type declaration files. Consider importing 'core' instead of '@types/core'.
src/utils/MethodChecker.ts(250,7): error TS2322: Type '(target: Record<string, unknown>, prop: string | symbol) => unknown' is not assignable to type '(target: T, p: string | symbol, receiver: any) => any'.
  Types of parameters 'target' and 'target' are incompatible.
    Type 'T' is not assignable to type 'Record<string, unknown>'.
      Type 'object' is not assignable to type 'Record<string, unknown>'.
        Index signature for type 'string' is missing in type '{}'.
src/utils/TileUtils.ts(17,10): error TS2305: Module '"./TypeChecks"' has no exported member 'Tile'.
tests/AnimationRenderer.test.ts(5,7): error TS7034: Variable 'mockGame' implicitly has type 'any' in some locations where its type cannot be determined.
tests/AnimationRenderer.test.ts(6,7): error TS7034: Variable 'ctx' implicitly has type 'any' in some locations where its type cannot be determined.
tests/AnimationRenderer.test.ts(25,36): error TS7005: Variable 'mockGame' implicitly has an 'any' type.
tests/AnimationRenderer.test.ts(32,5): error TS7005: Variable 'mockGame' implicitly has an 'any' type.
tests/AnimationRenderer.test.ts(34,44): error TS7005: Variable 'mockGame' implicitly has an 'any' type.
tests/AnimationRenderer.test.ts(38,12): error TS7005: Variable 'mockGame' implicitly has an 'any' type.
tests/AnimationRenderer.test.ts(39,12): error TS7005: Variable 'ctx' implicitly has an 'any' type.
tests/AnimationRenderer.test.ts(45,12): error TS7005: Variable 'ctx' implicitly has an 'any' type.
tests/BarterWindow.test.ts(63,7): error TS7034: Variable 'player' implicitly has type 'any' in some locations where its type cannot be determined.
tests/BarterWindow.test.ts(64,7): error TS7034: Variable 'barter' implicitly has type 'any' in some locations where its type cannot be determined.
tests/BarterWindow.test.ts(72,36): error TS7005: Variable 'player' implicitly has an 'any' type.
tests/BarterWindow.test.ts(73,31): error TS7006: Parameter 'val' implicitly has an 'any' type.
tests/BarterWindow.test.ts(73,39): error TS7005: Variable 'player' implicitly has an 'any' type.
tests/BarterWindow.test.ts(74,22): error TS7006: Parameter 'ability' implicitly has an 'any' type.
tests/BarterWindow.test.ts(74,34): error TS7005: Variable 'player' implicitly has an 'any' type.
tests/BarterWindow.test.ts(89,31): error TS2345: Argument of type '{ player: Player; playerFacade: { getSpentDiscoveries: () => any; setSpentDiscoveries: (val: any) => any; addAbility: (ability: any) => any; }; uiManager: { addMessageToLog: Mock<Procedure>; showOverlayMessage: Mock<...>; updateZoneDisplay: Mock<...>; }; soundManager: { ...; }; updatePlayerStats: Mock<...>; }' is not assignable to parameter of type 'IGame'.
  Type '{ player: Player; playerFacade: { getSpentDiscoveries: () => any; setSpentDiscoveries: (val: any) => any; addAbility: (ability: any) => any; }; uiManager: { addMessageToLog: Mock<Procedure>; showOverlayMessage: Mock<...>; updateZoneDisplay: Mock<...>; }; soundManager: { ...; }; updatePlayerStats: Mock<...>; }' is missing the following properties from type 'IGame': world, ui, audio, zoneGenState, and 85 more.
tests/BarterWindow.test.ts(97,19): error TS18047: 'npcData' is possibly 'null'.
tests/BarterWindow.test.ts(101,12): error TS7005: Variable 'player' implicitly has an 'any' type.
tests/BarterWindow.test.ts(102,12): error TS7005: Variable 'player' implicitly has an 'any' type.
tests/BarterWindow.test.ts(103,30): error TS7005: Variable 'player' implicitly has an 'any' type.
tests/BarterWindow.test.ts(103,62): error TS7005: Variable 'player' implicitly has an 'any' type.
tests/BarterWindow.test.ts(107,5): error TS7005: Variable 'barter' implicitly has an 'any' type.
tests/BarterWindow.test.ts(110,12): error TS7005: Variable 'player' implicitly has an 'any' type.
tests/BarterWindow.test.ts(111,12): error TS7005: Variable 'player' implicitly has an 'any' type.
tests/BoardLoader.test.ts(5,9): error TS7034: Variable 'boardLoader' implicitly has type 'any' in some locations where its type cannot be determined.
tests/BoardLoader.test.ts(13,13): error TS7005: Variable 'boardLoader' implicitly has an 'any' type.
tests/BoardLoader.test.ts(14,20): error TS7005: Variable 'boardLoader' implicitly has an 'any' type.
tests/BoardLoader.test.ts(18,20): error TS7005: Variable 'boardLoader' implicitly has an 'any' type.
tests/BoardLoader.test.ts(22,13): error TS7005: Variable 'boardLoader' implicitly has an 'any' type.
tests/BoardLoader.test.ts(23,13): error TS7005: Variable 'boardLoader' implicitly has an 'any' type.
tests/BoardLoader.test.ts(24,20): error TS7005: Variable 'boardLoader' implicitly has an 'any' type.
tests/BoardLoader.test.ts(25,20): error TS7005: Variable 'boardLoader' implicitly has an 'any' type.
tests/BoardLoader.test.ts(29,13): error TS7005: Variable 'boardLoader' implicitly has an 'any' type.
tests/BoardLoader.test.ts(30,13): error TS7005: Variable 'boardLoader' implicitly has an 'any' type.
tests/BoardLoader.test.ts(31,13): error TS7005: Variable 'boardLoader' implicitly has an 'any' type.
tests/BoardLoader.test.ts(32,20): error TS7005: Variable 'boardLoader' implicitly has an 'any' type.
tests/BoardLoader.test.ts(33,20): error TS7005: Variable 'boardLoader' implicitly has an 'any' type.
tests/BoardLoader.test.ts(34,20): error TS7005: Variable 'boardLoader' implicitly has an 'any' type.
tests/BoardLoader.test.ts(45,20): error TS7005: Variable 'boardLoader' implicitly has an 'any' type.
tests/BoardLoader.test.ts(53,20): error TS7005: Variable 'boardLoader' implicitly has an 'any' type.
tests/BoardLoader.test.ts(62,20): error TS7005: Variable 'boardLoader' implicitly has an 'any' type.
tests/BoardLoader.test.ts(71,20): error TS7005: Variable 'boardLoader' implicitly has an 'any' type.
tests/BoardLoader.test.ts(79,20): error TS7005: Variable 'boardLoader' implicitly has an 'any' type.
tests/BoardLoader.test.ts(95,28): error TS7005: Variable 'boardLoader' implicitly has an 'any' type.
tests/BoardLoader.test.ts(110,28): error TS7005: Variable 'boardLoader' implicitly has an 'any' type.
tests/BoardLoader.test.ts(126,28): error TS7005: Variable 'boardLoader' implicitly has an 'any' type.
tests/BoardLoader.test.ts(141,28): error TS7005: Variable 'boardLoader' implicitly has an 'any' type.
tests/BoardLoader.test.ts(152,28): error TS7005: Variable 'boardLoader' implicitly has an 'any' type.
tests/BoardLoader.test.ts(163,30): error TS7005: Variable 'boardLoader' implicitly has an 'any' type.
tests/BoardLoader.test.ts(178,30): error TS7005: Variable 'boardLoader' implicitly has an 'any' type.
tests/BoardLoader.test.ts(200,30): error TS7005: Variable 'boardLoader' implicitly has an 'any' type.
tests/BoardLoader.test.ts(209,30): error TS7005: Variable 'boardLoader' implicitly has an 'any' type.
tests/BoardLoader.test.ts(220,26): error TS7005: Variable 'boardLoader' implicitly has an 'any' type.
tests/BoardLoader.test.ts(223,31): error TS7005: Variable 'boardLoader' implicitly has an 'any' type.
tests/BoardLoader.test.ts(230,26): error TS7005: Variable 'boardLoader' implicitly has an 'any' type.
tests/BoardLoader.test.ts(236,26): error TS7005: Variable 'boardLoader' implicitly has an 'any' type.
tests/BoardLoader.test.ts(251,26): error TS7005: Variable 'boardLoader' implicitly has an 'any' type.
tests/BoardLoader.test.ts(258,20): error TS7005: Variable 'boardLoader' implicitly has an 'any' type.
tests/BoardLoader.test.ts(259,20): error TS7005: Variable 'boardLoader' implicitly has an 'any' type.
tests/BoardLoader.test.ts(260,20): error TS7005: Variable 'boardLoader' implicitly has an 'any' type.
tests/BoardLoader.test.ts(261,20): error TS7005: Variable 'boardLoader' implicitly has an 'any' type.
tests/BoardLoader.test.ts(265,26): error TS7005: Variable 'boardLoader' implicitly has an 'any' type.
tests/BoardLoader.test.ts(270,26): error TS7005: Variable 'boardLoader' implicitly has an 'any' type.
tests/BoardLoader.test.ts(288,28): error TS7005: Variable 'boardLoader' implicitly has an 'any' type.
tests/BoardLoader.test.ts(313,28): error TS7005: Variable 'boardLoader' implicitly has an 'any' type.
tests/BoardLoader.test.ts(336,28): error TS7005: Variable 'boardLoader' implicitly has an 'any' type.
tests/BoardLoader.test.ts(359,28): error TS7005: Variable 'boardLoader' implicitly has an 'any' type.
tests/BoardLoader.test.ts(373,13): error TS7005: Variable 'boardLoader' implicitly has an 'any' type.
tests/BoardLoader.test.ts(374,20): error TS7005: Variable 'boardLoader' implicitly has an 'any' type.
tests/BoardLoader.test.ts(376,13): error TS7005: Variable 'boardLoader' implicitly has an 'any' type.
tests/BoardLoader.test.ts(377,20): error TS7005: Variable 'boardLoader' implicitly has an 'any' type.
tests/CombatActionManager.test.ts(5,7): error TS7034: Variable 'game' implicitly has type 'any' in some locations where its type cannot be determined.
tests/CombatActionManager.test.ts(6,7): error TS7034: Variable 'cam' implicitly has type 'any' in some locations where its type cannot be determined.
tests/CombatActionManager.test.ts(9,27): error TS2554: Expected 1-3 arguments, but got 0.
tests/CombatActionManager.test.ts(26,7): error TS2353: Object literal may only specify known properties, and 'pendingCharge' does not exist in type 'Game'.
tests/CombatActionManager.test.ts(48,43): error TS7005: Variable 'game' implicitly has an 'any' type.
tests/CombatActionManager.test.ts(52,33): error TS7005: Variable 'game' implicitly has an 'any' type.
tests/CombatActionManager.test.ts(62,17): error TS7005: Variable 'cam' implicitly has an 'any' type.
tests/CombatActionManager.test.ts(69,5): error TS7005: Variable 'game' implicitly has an 'any' type.
tests/CombatActionManager.test.ts(70,17): error TS7005: Variable 'cam' implicitly has an 'any' type.
tests/CombatActionManager.test.ts(77,17): error TS7005: Variable 'cam' implicitly has an 'any' type.
tests/CombatActionManager.test.ts(83,17): error TS7005: Variable 'cam' implicitly has an 'any' type.
tests/CombatActionManager.test.ts(88,17): error TS7005: Variable 'cam' implicitly has an 'any' type.
tests/CombatActionManager.test.ts(94,5): error TS7005: Variable 'game' implicitly has an 'any' type.
tests/CombatActionManager.test.ts(95,17): error TS7005: Variable 'cam' implicitly has an 'any' type.
tests/CombatActionManager.test.ts(102,48): error TS7005: Variable 'game' implicitly has an 'any' type.
tests/CombatActionManager.test.ts(103,5): error TS7005: Variable 'game' implicitly has an 'any' type.
tests/CombatActionManager.test.ts(104,5): error TS7005: Variable 'cam' implicitly has an 'any' type.
tests/CombatActionManager.test.ts(105,12): error TS7005: Variable 'game' implicitly has an 'any' type.
tests/CombatActionManager.test.ts(106,12): error TS7005: Variable 'game' implicitly has an 'any' type.
tests/dialogue-progression.test.ts(26,9): error TS7034: Variable 'mockGame' implicitly has type 'any' in some locations where its type cannot be determined.
tests/dialogue-progression.test.ts(27,9): error TS7034: Variable 'getNPCCharacterDataSpy' implicitly has type 'any' in some locations where its type cannot be determined.
tests/dialogue-progression.test.ts(34,30): error TS2345: Argument of type '{ name: string; display: { portrait: string; }; audio: { voicePitch: number; }; interaction: { type: string; cycleMode: string; dialogueTree: { id: string; text: string; }[]; }; }' is not assignable to parameter of type 'NPCData'.
  Type '{ name: string; display: { portrait: string; }; audio: { voicePitch: number; }; interaction: { type: string; cycleMode: string; dialogueTree: { id: string; text: string; }[]; }; }' is missing the following properties from type 'NPCData': id, type
tests/dialogue-progression.test.ts(39,9): error TS7005: Variable 'getNPCCharacterDataSpy' implicitly has an 'any' type.
tests/dialogue-progression.test.ts(43,61): error TS7005: Variable 'mockGame' implicitly has an 'any' type.
tests/dialogue-progression.test.ts(45,16): error TS18047: 'data1' is possibly 'null'.
tests/dialogue-progression.test.ts(46,16): error TS18047: 'data1' is possibly 'null'.
tests/dialogue-progression.test.ts(47,16): error TS18047: 'data1' is possibly 'null'.
tests/dialogue-progression.test.ts(51,61): error TS7005: Variable 'mockGame' implicitly has an 'any' type.
tests/dialogue-progression.test.ts(54,13): error TS18047: 'data1' is possibly 'null'.
tests/dialogue-progression.test.ts(54,13): error TS2367: This comparison appears to be unintentional because the types 'CycleMode' and '"sequential"' have no overlap.
tests/dialogue-progression.test.ts(54,49): error TS18047: 'data1' is possibly 'null'.
tests/dialogue-progression.test.ts(54,77): error TS18047: 'data1' is possibly 'null'.
tests/dialogue-progression.test.ts(55,13): error TS18047: 'data1' is possibly 'null'.
tests/dialogue-progression.test.ts(58,16): error TS18047: 'data1' is possibly 'null'.
tests/dialogue-progression.test.ts(61,61): error TS7005: Variable 'mockGame' implicitly has an 'any' type.
tests/dialogue-progression.test.ts(63,16): error TS18047: 'data2' is possibly 'null'.
tests/dialogue-progression.test.ts(68,60): error TS7005: Variable 'mockGame' implicitly has an 'any' type.
tests/dialogue-progression.test.ts(72,17): error TS18047: 'data' is possibly 'null'.
tests/dialogue-progression.test.ts(72,17): error TS2367: This comparison appears to be unintentional because the types 'CycleMode' and '"sequential"' have no overlap.
tests/dialogue-progression.test.ts(72,52): error TS18047: 'data' is possibly 'null'.
tests/dialogue-progression.test.ts(72,79): error TS18047: 'data' is possibly 'null'.
tests/dialogue-progression.test.ts(73,17): error TS18047: 'data' is possibly 'null'.
tests/dialogue-progression.test.ts(78,16): error TS18047: 'data' is possibly 'null'.
tests/dialogue-progression.test.ts(82,61): error TS7005: Variable 'mockGame' implicitly has an 'any' type.
tests/dialogue-progression.test.ts(85,9): error TS18047: 'data1' is possibly 'null'.
tests/dialogue-progression.test.ts(88,64): error TS7005: Variable 'mockGame' implicitly has an 'any' type.
tests/dialogue-progression.test.ts(90,16): error TS18047: 'data2' is possibly 'null'.
tests/dialogue-progression.test.ts(91,16): error TS18047: 'data1' is possibly 'null'.
tests/DirectionUtils.test.ts(119,38): error TS2345: Argument of type 'string | null' is not assignable to parameter of type 'string'.
  Type 'null' is not assignable to type 'string'.
tests/EnemyAttackRange.test.ts(10,45): error TS7053: Element implicitly has an 'any' type because expression of type 'any' can't be used to index type '{}'.
tests/EventValidator.test.ts(5,9): error TS7034: Variable 'validator' implicitly has type 'any' in some locations where its type cannot be determined.
tests/EventValidator.test.ts(13,13): error TS7005: Variable 'validator' implicitly has an 'any' type.
tests/EventValidator.test.ts(18,28): error TS7005: Variable 'validator' implicitly has an 'any' type.
tests/EventValidator.test.ts(28,13): error TS7005: Variable 'validator' implicitly has an 'any' type.
tests/EventValidator.test.ts(33,28): error TS7005: Variable 'validator' implicitly has an 'any' type.
tests/EventValidator.test.ts(43,13): error TS7005: Variable 'validator' implicitly has an 'any' type.
tests/EventValidator.test.ts(49,28): error TS7005: Variable 'validator' implicitly has an 'any' type.
tests/EventValidator.test.ts(59,13): error TS7005: Variable 'validator' implicitly has an 'any' type.
tests/EventValidator.test.ts(63,28): error TS7005: Variable 'validator' implicitly has an 'any' type.
tests/EventValidator.test.ts(72,13): error TS7005: Variable 'validator' implicitly has an 'any' type.
tests/EventValidator.test.ts(77,28): error TS7005: Variable 'validator' implicitly has an 'any' type.
tests/EventValidator.test.ts(86,13): error TS7005: Variable 'validator' implicitly has an 'any' type.
tests/EventValidator.test.ts(91,28): error TS7005: Variable 'validator' implicitly has an 'any' type.
tests/EventValidator.test.ts(102,13): error TS7005: Variable 'validator' implicitly has an 'any' type.
tests/EventValidator.test.ts(110,28): error TS7005: Variable 'validator' implicitly has an 'any' type.
tests/EventValidator.test.ts(118,13): error TS7005: Variable 'validator' implicitly has an 'any' type.
tests/EventValidator.test.ts(126,28): error TS7005: Variable 'validator' implicitly has an 'any' type.
tests/EventValidator.test.ts(137,13): error TS7005: Variable 'validator' implicitly has an 'any' type.
tests/EventValidator.test.ts(150,28): error TS7005: Variable 'validator' implicitly has an 'any' type.
tests/EventValidator.test.ts(158,13): error TS7005: Variable 'validator' implicitly has an 'any' type.
tests/EventValidator.test.ts(171,28): error TS7005: Variable 'validator' implicitly has an 'any' type.
tests/EventValidator.test.ts(182,28): error TS7005: Variable 'validator' implicitly has an 'any' type.
tests/EventValidator.test.ts(191,28): error TS7005: Variable 'validator' implicitly has an 'any' type.
tests/EventValidator.test.ts(202,33): error TS7005: Variable 'validator' implicitly has an 'any' type.
tests/EventValidator.test.ts(209,35): error TS7005: Variable 'validator' implicitly has an 'any' type.
tests/EventValidator.test.ts(218,28): error TS7005: Variable 'validator' implicitly has an 'any' type.
tests/EventValidator.test.ts(228,28): error TS7005: Variable 'validator' implicitly has an 'any' type.
tests/EventValidator.test.ts(242,13): error TS7005: Variable 'validator' implicitly has an 'any' type.
tests/EventValidator.test.ts(246,13): error TS7005: Variable 'validator' implicitly has an 'any' type.
tests/EventValidator.test.ts(248,28): error TS7005: Variable 'validator' implicitly has an 'any' type.
tests/EventValidator.test.ts(256,13): error TS7005: Variable 'validator' implicitly has an 'any' type.
tests/EventValidator.test.ts(260,13): error TS7005: Variable 'validator' implicitly has an 'any' type.
tests/EventValidator.test.ts(261,13): error TS7005: Variable 'validator' implicitly has an 'any' type.
tests/EventValidator.test.ts(263,28): error TS7005: Variable 'validator' implicitly has an 'any' type.
tests/EventValidator.test.ts(271,28): error TS7005: Variable 'validator' implicitly has an 'any' type.
tests/EventValidator.test.ts(282,13): error TS7005: Variable 'validator' implicitly has an 'any' type.
tests/EventValidator.test.ts(288,28): error TS7005: Variable 'validator' implicitly has an 'any' type.
tests/EventValidator.test.ts(299,13): error TS7005: Variable 'validator' implicitly has an 'any' type.
tests/EventValidator.test.ts(303,32): error TS7005: Variable 'validator' implicitly has an 'any' type.
tests/EventValidator.test.ts(306,37): error TS7005: Variable 'validator' implicitly has an 'any' type.
tests/EventValidator.test.ts(311,13): error TS7005: Variable 'validator' implicitly has an 'any' type.
tests/EventValidator.test.ts(315,33): error TS7005: Variable 'validator' implicitly has an 'any' type.
tests/EventValidator.test.ts(320,35): error TS7005: Variable 'validator' implicitly has an 'any' type.
tests/FischersWand.test.ts(264,25): error TS2339: Property 'uses' does not exist on type '{ type: "fischers_cube"; }'.
tests/FogRenderer.test.ts(4,7): error TS7034: Variable 'originalCreateElement' implicitly has type 'any' in some locations where its type cannot be determined.
tests/FogRenderer.test.ts(5,7): error TS7034: Variable 'game' implicitly has type 'any' in some locations where its type cannot be determined.
tests/FogRenderer.test.ts(6,7): error TS7034: Variable 'mockCtx' implicitly has type 'any' in some locations where its type cannot be determined.
tests/FogRenderer.test.ts(7,7): error TS7034: Variable 'fakeImage' implicitly has type 'any' in some locations where its type cannot be determined.
tests/FogRenderer.test.ts(37,11): error TS2339: Property 'getContext' does not exist on type '{ width: number; height: number; }'.
tests/FogRenderer.test.ts(44,14): error TS7005: Variable 'originalCreateElement' implicitly has an 'any' type.
tests/FogRenderer.test.ts(57,47): error TS7005: Variable 'fakeImage' implicitly has an 'any' type.
tests/FogRenderer.test.ts(64,30): error TS7005: Variable 'originalCreateElement' implicitly has an 'any' type.
tests/FogRenderer.test.ts(68,32): error TS7005: Variable 'game' implicitly has an 'any' type.
tests/FogRenderer.test.ts(72,12): error TS7005: Variable 'mockCtx' implicitly has an 'any' type.
tests/FogRenderer.test.ts(76,5): error TS7005: Variable 'game' implicitly has an 'any' type.
tests/FogRenderer.test.ts(77,32): error TS7005: Variable 'game' implicitly has an 'any' type.
tests/FogRenderer.test.ts(81,12): error TS7005: Variable 'mockCtx' implicitly has an 'any' type.
tests/FogRenderer.test.ts(85,32): error TS7005: Variable 'game' implicitly has an 'any' type.
tests/FogRenderer.test.ts(92,5): error TS7005: Variable 'game' implicitly has an 'any' type.
tests/FogRenderer.test.ts(98,12): error TS7005: Variable 'mockCtx' implicitly has an 'any' type.
tests/helpers/mocks.ts(95,24): error TS2554: Expected 1-3 arguments, but got 0.
tests/InteractionManager.test.ts(4,7): error TS7034: Variable 'mockGame' implicitly has type 'any' in some locations where its type cannot be determined.
tests/InteractionManager.test.ts(5,7): error TS7034: Variable 'mockPlayer' implicitly has type 'any' in some locations where its type cannot be determined.
tests/InteractionManager.test.ts(6,7): error TS7034: Variable 'im' implicitly has type 'any' in some locations where its type cannot be determined.
tests/InteractionManager.test.ts(80,33): error TS2345: Argument of type '{ player: { getPosition: Mock<Procedure>; getPositionObject: Mock<Procedure>; startAttackAnimation: Mock<Procedure>; startBump: Mock<...>; ... 4 more ...; y: number; }; ... 12 more ...; combatManager: { ...; }; }' is not assignable to parameter of type 'IGame'.
  Type '{ player: { getPosition: Mock<Procedure>; getPositionObject: Mock<Procedure>; startAttackAnimation: Mock<Procedure>; startBump: Mock<...>; ... 4 more ...; y: number; }; ... 12 more ...; combatManager: { ...; }; }' is missing the following properties from type 'IGame': world, ui, audio, zoneGenState, and 79 more.
tests/InteractionManager.test.ts(82,8): error TS2341: Property 'interactionHandlers' is private and only accessible within class 'InteractionManager'.
tests/InteractionManager.test.ts(86,21): error TS7005: Variable 'im' implicitly has an 'any' type.
tests/InteractionManager.test.ts(89,12): error TS7005: Variable 'mockPlayer' implicitly has an 'any' type.
tests/InteractionManager.test.ts(90,12): error TS7005: Variable 'mockGame' implicitly has an 'any' type.
tests/InteractionManager.test.ts(96,21): error TS7005: Variable 'im' implicitly has an 'any' type.
tests/InteractionManager.test.ts(98,12): error TS7005: Variable 'mockPlayer' implicitly has an 'any' type.
tests/InteractionManager.test.ts(99,12): error TS7005: Variable 'mockGame' implicitly has an 'any' type.
tests/ItemManager.test.ts(49,7): error TS2322: Type 'Partial<Player> & { getHealth?: Mock<Procedure | Constructable> | undefined; }' is not assignable to type 'Player | null | undefined'.
  Type 'Partial<Player> & { getHealth?: Mock<Procedure | Constructable> | undefined; }' is missing the following properties from type 'Player': _position, _lastPosition
tests/ItemManager.test.ts(51,7): error TS2740: Type '{ getTile: Mock<(x: number, y: number) => Tile>; setTile: Mock<(x: number, y: number, tile: Tile) => void>; }' is missing the following properties from type 'GridManager': coreOps, queryOps, iterationOps, grid, and 34 more.
tests/ItemManager.test.ts(54,35): error TS2345: Argument of type 'IGame' is not assignable to parameter of type 'Game'.
  Type 'IGame' is missing the following properties from type 'Game': managers, combat, inventory, interaction, and 4 more.
tests/LineOfSightUtils.test.ts(65,79): error TS2322: Type '(x: number, y: number, grid: number[][]) => boolean' is not assignable to type 'IsWalkableFunction'.
  Types of parameters 'grid' and 'grid' are incompatible.
    Type 'GridCompat' is not assignable to type 'number[][]'.
      Type 'TileCompat[]' is not assignable to type 'number[]'.
        Type 'TileCompat' is not assignable to type 'number'.
          Type '{ type: number; uses?: number | undefined; message?: string | undefined; foodType?: string | undefined; name?: string | undefined; icon?: string | undefined; actionsSincePlaced?: number | undefined; justPlaced?: boolean | undefined; }' is not assignable to type 'number'.
tests/LineOfSightUtils.test.ts(70,79): error TS2322: Type '(x: number, y: number, grid: number[][]) => boolean' is not assignable to type 'IsWalkableFunction'.
  Types of parameters 'grid' and 'grid' are incompatible.
    Type 'GridCompat' is not assignable to type 'number[][]'.
      Type 'TileCompat[]' is not assignable to type 'number[]'.
        Type 'TileCompat' is not assignable to type 'number'.
          Type '{ type: number; uses?: number | undefined; message?: string | undefined; foodType?: string | undefined; name?: string | undefined; icon?: string | undefined; actionsSincePlaced?: number | undefined; justPlaced?: boolean | undefined; }' is not assignable to type 'number'.
tests/LineOfSightUtils.test.ts(75,79): error TS2322: Type '(x: number, y: number, grid: number[][]) => boolean' is not assignable to type 'IsWalkableFunction'.
  Types of parameters 'grid' and 'grid' are incompatible.
    Type 'GridCompat' is not assignable to type 'number[][]'.
      Type 'TileCompat[]' is not assignable to type 'number[]'.
        Type 'TileCompat' is not assignable to type 'number'.
          Type '{ type: number; uses?: number | undefined; message?: string | undefined; foodType?: string | undefined; name?: string | undefined; icon?: string | undefined; actionsSincePlaced?: number | undefined; justPlaced?: boolean | undefined; }' is not assignable to type 'number'.
tests/LineOfSightUtils.test.ts(80,79): error TS2322: Type '(x: number, y: number, grid: number[][]) => boolean' is not assignable to type 'IsWalkableFunction'.
  Types of parameters 'grid' and 'grid' are incompatible.
    Type 'GridCompat' is not assignable to type 'number[][]'.
      Type 'TileCompat[]' is not assignable to type 'number[]'.
        Type 'TileCompat' is not assignable to type 'number'.
          Type '{ type: number; uses?: number | undefined; message?: string | undefined; foodType?: string | undefined; name?: string | undefined; icon?: string | undefined; actionsSincePlaced?: number | undefined; justPlaced?: boolean | undefined; }' is not assignable to type 'number'.
tests/LineOfSightUtils.test.ts(85,79): error TS2322: Type '(x: number, y: number, grid: number[][]) => boolean' is not assignable to type 'IsWalkableFunction'.
  Types of parameters 'grid' and 'grid' are incompatible.
    Type 'GridCompat' is not assignable to type 'number[][]'.
      Type 'TileCompat[]' is not assignable to type 'number[]'.
        Type 'TileCompat' is not assignable to type 'number'.
          Type '{ type: number; uses?: number | undefined; message?: string | undefined; foodType?: string | undefined; name?: string | undefined; icon?: string | undefined; actionsSincePlaced?: number | undefined; justPlaced?: boolean | undefined; }' is not assignable to type 'number'.
tests/LineOfSightUtils.test.ts(92,77): error TS2322: Type '(x: number, y: number, grid: number[][]) => boolean' is not assignable to type 'IsWalkableFunction'.
  Types of parameters 'grid' and 'grid' are incompatible.
    Type 'GridCompat' is not assignable to type 'number[][]'.
      Type 'TileCompat[]' is not assignable to type 'number[]'.
        Type 'TileCompat' is not assignable to type 'number'.
          Type '{ type: number; uses?: number | undefined; message?: string | undefined; foodType?: string | undefined; name?: string | undefined; icon?: string | undefined; actionsSincePlaced?: number | undefined; justPlaced?: boolean | undefined; }' is not assignable to type 'number'.
tests/LineOfSightUtils.test.ts(97,77): error TS2322: Type '(x: number, y: number, grid: number[][]) => boolean' is not assignable to type 'IsWalkableFunction'.
  Types of parameters 'grid' and 'grid' are incompatible.
    Type 'GridCompat' is not assignable to type 'number[][]'.
      Type 'TileCompat[]' is not assignable to type 'number[]'.
        Type 'TileCompat' is not assignable to type 'number'.
          Type '{ type: number; uses?: number | undefined; message?: string | undefined; foodType?: string | undefined; name?: string | undefined; icon?: string | undefined; actionsSincePlaced?: number | undefined; justPlaced?: boolean | undefined; }' is not assignable to type 'number'.
tests/LineOfSightUtils.test.ts(104,74): error TS2322: Type '(x: number, y: number, grid: number[][]) => boolean' is not assignable to type 'IsWalkableFunction'.
  Types of parameters 'grid' and 'grid' are incompatible.
    Type 'GridCompat' is not assignable to type 'number[][]'.
      Type 'TileCompat[]' is not assignable to type 'number[]'.
        Type 'TileCompat' is not assignable to type 'number'.
          Type '{ type: number; uses?: number | undefined; message?: string | undefined; foodType?: string | undefined; name?: string | undefined; icon?: string | undefined; actionsSincePlaced?: number | undefined; justPlaced?: boolean | undefined; }' is not assignable to type 'number'.
tests/LineOfSightUtils.test.ts(109,74): error TS2322: Type '(x: number, y: number, grid: number[][]) => boolean' is not assignable to type 'IsWalkableFunction'.
  Types of parameters 'grid' and 'grid' are incompatible.
    Type 'GridCompat' is not assignable to type 'number[][]'.
      Type 'TileCompat[]' is not assignable to type 'number[]'.
        Type 'TileCompat' is not assignable to type 'number'.
          Type '{ type: number; uses?: number | undefined; message?: string | undefined; foodType?: string | undefined; name?: string | undefined; icon?: string | undefined; actionsSincePlaced?: number | undefined; justPlaced?: boolean | undefined; }' is not assignable to type 'number'.
tests/LineOfSightUtils.test.ts(114,74): error TS2322: Type '(x: number, y: number, grid: number[][]) => boolean' is not assignable to type 'IsWalkableFunction'.
  Types of parameters 'grid' and 'grid' are incompatible.
    Type 'GridCompat' is not assignable to type 'number[][]'.
      Type 'TileCompat[]' is not assignable to type 'number[]'.
        Type 'TileCompat' is not assignable to type 'number'.
          Type '{ type: number; uses?: number | undefined; message?: string | undefined; foodType?: string | undefined; name?: string | undefined; icon?: string | undefined; actionsSincePlaced?: number | undefined; justPlaced?: boolean | undefined; }' is not assignable to type 'number'.
tests/LineOfSightUtils.test.ts(124,17): error TS2322: Type '(x: number, y: number, grid: number[][]) => boolean' is not assignable to type 'IsWalkableFunction'.
  Types of parameters 'grid' and 'grid' are incompatible.
    Type 'GridCompat' is not assignable to type 'number[][]'.
      Type 'TileCompat[]' is not assignable to type 'number[]'.
        Type 'TileCompat' is not assignable to type 'number'.
          Type '{ type: number; uses?: number | undefined; message?: string | undefined; foodType?: string | undefined; name?: string | undefined; icon?: string | undefined; actionsSincePlaced?: number | undefined; justPlaced?: boolean | undefined; }' is not assignable to type 'number'.
tests/LineOfSightUtils.test.ts(133,17): error TS2322: Type '(x: number, y: number, grid: number[][]) => boolean' is not assignable to type 'IsWalkableFunction'.
  Types of parameters 'grid' and 'grid' are incompatible.
    Type 'GridCompat' is not assignable to type 'number[][]'.
      Type 'TileCompat[]' is not assignable to type 'number[]'.
        Type 'TileCompat' is not assignable to type 'number'.
          Type '{ type: number; uses?: number | undefined; message?: string | undefined; foodType?: string | undefined; name?: string | undefined; icon?: string | undefined; actionsSincePlaced?: number | undefined; justPlaced?: boolean | undefined; }' is not assignable to type 'number'.
tests/Lizord.test.ts(5,7): error TS7034: Variable 'mockPlayer' implicitly has type 'any' in some locations where its type cannot be determined.
tests/Lizord.test.ts(6,7): error TS7034: Variable 'mockEnemy' implicitly has type 'any' in some locations where its type cannot be determined.
tests/Lizord.test.ts(7,7): error TS7034: Variable 'grid' implicitly has type 'any' in some locations where its type cannot be determined.
tests/Lizord.test.ts(36,29): error TS2554: Expected 1-3 arguments, but got 0.
tests/Lizord.test.ts(43,5): error TS7005: Variable 'mockPlayer' implicitly has an 'any' type.
tests/Lizord.test.ts(44,5): error TS7005: Variable 'mockPlayer' implicitly has an 'any' type.
tests/Lizord.test.ts(49,45): error TS7005: Variable 'mockEnemy' implicitly has an 'any' type.
tests/Lizord.test.ts(49,56): error TS7005: Variable 'mockPlayer' implicitly has an 'any' type.
tests/Lizord.test.ts(49,73): error TS7005: Variable 'mockPlayer' implicitly has an 'any' type.
tests/Lizord.test.ts(49,90): error TS7005: Variable 'mockPlayer' implicitly has an 'any' type.
tests/Lizord.test.ts(49,106): error TS7005: Variable 'grid' implicitly has an 'any' type.
tests/Lizord.test.ts(49,113): error TS7005: Variable 'mockEnemy' implicitly has an 'any' type.
tests/Lizord.test.ts(49,132): error TS2345: Argument of type '{ initialEnemyTilesThisTurn: Set<unknown>; occupiedTilesThisTurn: Set<unknown>; playerJustAttacked: boolean; }' is not assignable to parameter of type 'Game'.
  Types of property 'initialEnemyTilesThisTurn' are incompatible.
    Type 'Set<unknown>' is not assignable to type 'Set<string>'.
      Type 'unknown' is not assignable to type 'string'.
tests/Lizord.test.ts(53,12): error TS7005: Variable 'mockPlayer' implicitly has an 'any' type.
tests/Lizord.test.ts(60,5): error TS7005: Variable 'mockPlayer' implicitly has an 'any' type.
tests/Lizord.test.ts(61,5): error TS7005: Variable 'mockPlayer' implicitly has an 'any' type.
tests/Lizord.test.ts(63,45): error TS7005: Variable 'mockEnemy' implicitly has an 'any' type.
tests/Lizord.test.ts(63,56): error TS7005: Variable 'mockPlayer' implicitly has an 'any' type.
tests/Lizord.test.ts(63,73): error TS7005: Variable 'mockPlayer' implicitly has an 'any' type.
tests/Lizord.test.ts(63,90): error TS7005: Variable 'mockPlayer' implicitly has an 'any' type.
tests/Lizord.test.ts(63,106): error TS7005: Variable 'grid' implicitly has an 'any' type.
tests/Lizord.test.ts(63,113): error TS7005: Variable 'mockEnemy' implicitly has an 'any' type.
tests/MessageLog.test.ts(5,7): error TS7034: Variable 'messageLog' implicitly has type 'any' in some locations where its type cannot be determined.
tests/MessageLog.test.ts(6,7): error TS7034: Variable 'mockGame' implicitly has type 'any' in some locations where its type cannot be determined.
tests/MessageLog.test.ts(7,7): error TS7034: Variable 'messageLogOverlay' implicitly has type 'any' in some locations where its type cannot be determined.
tests/MessageLog.test.ts(8,7): error TS7034: Variable 'messageLogContent' implicitly has type 'any' in some locations where its type cannot be determined.
tests/MessageLog.test.ts(9,7): error TS7034: Variable 'closeButton' implicitly has type 'any' in some locations where its type cannot be determined.
tests/MessageLog.test.ts(10,7): error TS7034: Variable 'openButton' implicitly has type 'any' in some locations where its type cannot be determined.
tests/MessageLog.test.ts(41,33): error TS2559: Type '{ player: any; playerFacade: any; grid: any; enemies: never[]; npcs: never[]; canvas: { getBoundingClientRect: Mock<Procedure>; }; pendingCharge: null; bombPlacementMode: boolean; ... 22 more ...; incrementBombActions: Mock<...>; }' has no properties in common with type 'GameInstance'.
tests/MessageLog.test.ts(50,14): error TS7005: Variable 'messageLog' implicitly has an 'any' type.
tests/MessageLog.test.ts(50,49): error TS7005: Variable 'messageLogOverlay' implicitly has an 'any' type.
tests/MessageLog.test.ts(51,14): error TS7005: Variable 'messageLog' implicitly has an 'any' type.
tests/MessageLog.test.ts(51,49): error TS7005: Variable 'messageLogContent' implicitly has an 'any' type.
tests/MessageLog.test.ts(52,14): error TS7005: Variable 'messageLog' implicitly has an 'any' type.
tests/MessageLog.test.ts(52,53): error TS7005: Variable 'closeButton' implicitly has an 'any' type.
tests/MessageLog.test.ts(57,14): error TS7005: Variable 'messageLog' implicitly has an 'any' type.
tests/MessageLog.test.ts(63,7): error TS7005: Variable 'messageLog' implicitly has an 'any' type.
tests/MessageLog.test.ts(65,26): error TS7005: Variable 'messageLogContent' implicitly has an 'any' type.
tests/MessageLog.test.ts(73,7): error TS7005: Variable 'messageLog' implicitly has an 'any' type.
tests/MessageLog.test.ts(75,14): error TS7005: Variable 'messageLogOverlay' implicitly has an 'any' type.
tests/MessageLog.test.ts(79,7): error TS7005: Variable 'mockGame' implicitly has an 'any' type.
tests/MessageLog.test.ts(81,7): error TS7005: Variable 'messageLog' implicitly has an 'any' type.
tests/MessageLog.test.ts(83,14): error TS7005: Variable 'messageLogContent' implicitly has an 'any' type.
tests/MessageLog.test.ts(87,7): error TS7005: Variable 'messageLog' implicitly has an 'any' type.
tests/MessageLog.test.ts(89,25): error TS7005: Variable 'messageLogContent' implicitly has an 'any' type.
tests/MessageLog.test.ts(95,7): error TS7005: Variable 'messageLogContent' implicitly has an 'any' type.
tests/MessageLog.test.ts(97,7): error TS7005: Variable 'messageLog' implicitly has an 'any' type.
tests/MessageLog.test.ts(99,26): error TS7005: Variable 'messageLogContent' implicitly has an 'any' type.
tests/MessageLog.test.ts(104,7): error TS7005: Variable 'mockGame' implicitly has an 'any' type.
tests/MessageLog.test.ts(106,7): error TS7005: Variable 'messageLog' implicitly has an 'any' type.
tests/MessageLog.test.ts(108,25): error TS7005: Variable 'messageLogContent' implicitly has an 'any' type.
tests/MessageLog.test.ts(116,7): error TS7005: Variable 'messageLogOverlay' implicitly has an 'any' type.
tests/MessageLog.test.ts(118,7): error TS7005: Variable 'messageLog' implicitly has an 'any' type.
tests/MessageLog.test.ts(120,14): error TS7005: Variable 'messageLogOverlay' implicitly has an 'any' type.
tests/MessageLog.test.ts(124,20): error TS7005: Variable 'messageLog' implicitly has an 'any' type.
tests/MessageLog.test.ts(130,7): error TS7005: Variable 'messageLogOverlay' implicitly has an 'any' type.
tests/MessageLog.test.ts(132,7): error TS7005: Variable 'closeButton' implicitly has an 'any' type.
tests/MessageLog.test.ts(134,14): error TS7005: Variable 'messageLogOverlay' implicitly has an 'any' type.
tests/MessageLog.test.ts(135,14): error TS7005: Variable 'mockGame' implicitly has an 'any' type.
tests/MessageLog.test.ts(139,32): error TS7005: Variable 'messageLog' implicitly has an 'any' type.
tests/MessageLog.test.ts(141,7): error TS7005: Variable 'openButton' implicitly has an 'any' type.
tests/MessageLog.test.ts(147,32): error TS7005: Variable 'messageLog' implicitly has an 'any' type.
tests/MessageLog.test.ts(151,7): error TS7005: Variable 'openButton' implicitly has an 'any' type.
tests/MessageLog.test.ts(160,7): error TS7005: Variable 'closeButton' implicitly has an 'any' type.
tests/MessageLog.test.ts(162,35): error TS7005: Variable 'mockGame' implicitly has an 'any' type.
tests/MessageLog.test.ts(166,7): error TS7005: Variable 'openButton' implicitly has an 'any' type.
tests/MessageLog.test.ts(168,35): error TS7005: Variable 'mockGame' implicitly has an 'any' type.
tests/MessageLog.test.ts(172,7): error TS7005: Variable 'mockGame' implicitly has an 'any' type.
tests/MessageLog.test.ts(174,7): error TS7005: Variable 'messageLog' implicitly has an 'any' type.
tests/MessageLog.test.ts(176,26): error TS7005: Variable 'messageLogContent' implicitly has an 'any' type.
tests/MessageLog.test.ts(181,7): error TS7005: Variable 'mockGame' implicitly has an 'any' type.
tests/MessageLog.test.ts(187,7): error TS7005: Variable 'messageLog' implicitly has an 'any' type.
tests/MessageLog.test.ts(189,26): error TS7005: Variable 'messageLogContent' implicitly has an 'any' type.
tests/MessageLog.test.ts(197,7): error TS7005: Variable 'messageLog' implicitly has an 'any' type.
tests/MessageLog.test.ts(198,14): error TS7005: Variable 'messageLogOverlay' implicitly has an 'any' type.
tests/MessageLog.test.ts(201,7): error TS7005: Variable 'messageLog' implicitly has an 'any' type.
tests/MessageLog.test.ts(202,14): error TS7005: Variable 'messageLogOverlay' implicitly has an 'any' type.
tests/MessageLog.test.ts(205,7): error TS7005: Variable 'messageLog' implicitly has an 'any' type.
tests/MessageLog.test.ts(206,14): error TS7005: Variable 'messageLogOverlay' implicitly has an 'any' type.
tests/MessageLog.test.ts(210,7): error TS7005: Variable 'messageLog' implicitly has an 'any' type.
tests/MessageLog.test.ts(211,24): error TS7005: Variable 'messageLogContent' implicitly has an 'any' type.
tests/MessageLog.test.ts(215,7): error TS7005: Variable 'mockGame' implicitly has an 'any' type.
tests/MessageLog.test.ts(217,7): error TS7005: Variable 'messageLog' implicitly has an 'any' type.
tests/MessageLog.test.ts(218,20): error TS7005: Variable 'messageLogContent' implicitly has an 'any' type.
tests/messageManager.test.ts(16,7): error TS7034: Variable 'originalRAF' implicitly has type 'any' in some locations where its type cannot be determined.
tests/messageManager.test.ts(17,7): error TS7034: Variable 'originalCancelRAF' implicitly has type 'any' in some locations where its type cannot be determined.
tests/messageManager.test.ts(57,36): error TS7005: Variable 'originalRAF' implicitly has an 'any' type.
tests/messageManager.test.ts(58,35): error TS7005: Variable 'originalCancelRAF' implicitly has an 'any' type.
tests/MiniMap.test.ts(5,7): error TS7034: Variable 'miniMap' implicitly has type 'any' in some locations where its type cannot be determined.
tests/MiniMap.test.ts(6,7): error TS7034: Variable 'mockGame' implicitly has type 'any' in some locations where its type cannot be determined.
tests/MiniMap.test.ts(8,7): error TS7034: Variable 'smallCanvas' implicitly has type 'any' in some locations where its type cannot be determined.
tests/MiniMap.test.ts(9,7): error TS7034: Variable 'expandedCanvas' implicitly has type 'any' in some locations where its type cannot be determined.
tests/MiniMap.test.ts(10,7): error TS7034: Variable 'overlay' implicitly has type 'any' in some locations where its type cannot be determined.
tests/MiniMap.test.ts(41,5): error TS18047: 'expandedCanvas' is possibly 'null'.
tests/MiniMap.test.ts(41,20): error TS2339: Property 'getContext' does not exist on type 'HTMLElement'.
tests/MiniMap.test.ts(50,27): error TS2345: Argument of type '{ player: any; playerFacade: any; grid: any; enemies: never[]; npcs: never[]; canvas: { getBoundingClientRect: Mock<Procedure>; }; pendingCharge: null; bombPlacementMode: boolean; ... 22 more ...; incrementBombActions: Mock<...>; }' is not assignable to parameter of type 'IGame'.
  Type '{ player: any; playerFacade: any; grid: any; enemies: never[]; npcs: never[]; canvas: { getBoundingClientRect: Mock<Procedure>; }; pendingCharge: null; bombPlacementMode: boolean; ... 22 more ...; incrementBombActions: Mock<...>; }' is missing the following properties from type 'IGame': world, ui, audio, zoneGenState, and 66 more.
tests/MiniMap.test.ts(62,14): error TS7005: Variable 'miniMap' implicitly has an 'any' type.
tests/MiniMap.test.ts(62,33): error TS7005: Variable 'mockGame' implicitly has an 'any' type.
tests/MiniMap.test.ts(66,14): error TS7005: Variable 'miniMap' implicitly has an 'any' type.
tests/MiniMap.test.ts(70,14): error TS7005: Variable 'miniMap' implicitly has an 'any' type.
tests/MiniMap.test.ts(71,14): error TS7005: Variable 'miniMap' implicitly has an 'any' type.
tests/MiniMap.test.ts(75,14): error TS7005: Variable 'miniMap' implicitly has an 'any' type.
tests/MiniMap.test.ts(79,14): error TS7005: Variable 'miniMap' implicitly has an 'any' type.
tests/MiniMap.test.ts(80,14): error TS7005: Variable 'miniMap' implicitly has an 'any' type.
tests/MiniMap.test.ts(86,7): error TS7005: Variable 'miniMap' implicitly has an 'any' type.
tests/MiniMap.test.ts(88,14): error TS7005: Variable 'miniMap' implicitly has an 'any' type.
tests/MiniMap.test.ts(88,43): error TS7005: Variable 'expandedCanvas' implicitly has an 'any' type.
tests/MiniMap.test.ts(89,14): error TS7005: Variable 'miniMap' implicitly has an 'any' type.
tests/MiniMap.test.ts(93,44): error TS7005: Variable 'smallCanvas' implicitly has an 'any' type.
tests/MiniMap.test.ts(95,7): error TS7005: Variable 'miniMap' implicitly has an 'any' type.
tests/MiniMap.test.ts(103,21): error TS18048: 'pointerUpCall' is possibly 'undefined'.
tests/MiniMap.test.ts(109,7): error TS7005: Variable 'miniMap' implicitly has an 'any' type.
tests/MiniMap.test.ts(113,7): error TS7005: Variable 'miniMap' implicitly has an 'any' type.
tests/MiniMap.test.ts(115,14): error TS7005: Variable 'miniMap' implicitly has an 'any' type.
tests/MiniMap.test.ts(119,7): error TS7005: Variable 'miniMap' implicitly has an 'any' type.
tests/MiniMap.test.ts(120,7): error TS7005: Variable 'miniMap' implicitly has an 'any' type.
tests/MiniMap.test.ts(122,7): error TS7005: Variable 'miniMap' implicitly has an 'any' type.
tests/MiniMap.test.ts(124,14): error TS7005: Variable 'miniMap' implicitly has an 'any' type.
tests/MiniMap.test.ts(125,14): error TS7005: Variable 'miniMap' implicitly has an 'any' type.
tests/MiniMap.test.ts(129,7): error TS7005: Variable 'miniMap' implicitly has an 'any' type.
tests/MiniMap.test.ts(131,14): error TS7005: Variable 'overlay' implicitly has an 'any' type.
tests/MiniMap.test.ts(135,7): error TS7005: Variable 'miniMap' implicitly has an 'any' type.
tests/MiniMap.test.ts(136,32): error TS7005: Variable 'miniMap' implicitly has an 'any' type.
tests/MiniMap.test.ts(138,7): error TS7005: Variable 'miniMap' implicitly has an 'any' type.
tests/MiniMap.test.ts(140,14): error TS7005: Variable 'miniMap' implicitly has an 'any' type.
tests/MiniMap.test.ts(144,34): error TS7005: Variable 'miniMap' implicitly has an 'any' type.
tests/MiniMap.test.ts(146,7): error TS7005: Variable 'miniMap' implicitly has an 'any' type.
tests/MiniMap.test.ts(154,7): error TS7005: Variable 'miniMap' implicitly has an 'any' type.
tests/MiniMap.test.ts(158,7): error TS7005: Variable 'miniMap' implicitly has an 'any' type.
tests/MiniMap.test.ts(159,14): error TS7005: Variable 'miniMap' implicitly has an 'any' type.
tests/MiniMap.test.ts(161,7): error TS7005: Variable 'miniMap' implicitly has an 'any' type.
tests/MiniMap.test.ts(163,14): error TS7005: Variable 'miniMap' implicitly has an 'any' type.
tests/MiniMap.test.ts(167,7): error TS7005: Variable 'miniMap' implicitly has an 'any' type.
tests/MiniMap.test.ts(168,14): error TS7005: Variable 'overlay' implicitly has an 'any' type.
tests/MiniMap.test.ts(170,7): error TS7005: Variable 'miniMap' implicitly has an 'any' type.
tests/MiniMap.test.ts(172,14): error TS7005: Variable 'overlay' implicitly has an 'any' type.
tests/MiniMap.test.ts(176,20): error TS7005: Variable 'miniMap' implicitly has an 'any' type.
tests/MiniMap.test.ts(182,7): error TS7005: Variable 'miniMap' implicitly has an 'any' type.
tests/MiniMap.test.ts(186,7): error TS7005: Variable 'miniMap' implicitly has an 'any' type.
tests/MiniMap.test.ts(188,14): error TS7005: Variable 'miniMap' implicitly has an 'any' type.
tests/MiniMap.test.ts(188,49): error TS7005: Variable 'miniMap' implicitly has an 'any' type.
tests/MiniMap.test.ts(192,7): error TS7005: Variable 'miniMap' implicitly has an 'any' type.
tests/MiniMap.test.ts(194,7): error TS7005: Variable 'miniMap' implicitly has an 'any' type.
tests/MiniMap.test.ts(196,14): error TS7005: Variable 'miniMap' implicitly has an 'any' type.
tests/MiniMap.test.ts(198,16): error TS7005: Variable 'miniMap' implicitly has an 'any' type.
tests/MiniMap.test.ts(205,7): error TS7005: Variable 'miniMap' implicitly has an 'any' type.
tests/MiniMap.test.ts(206,7): error TS7005: Variable 'miniMap' implicitly has an 'any' type.
tests/MiniMap.test.ts(207,7): error TS7005: Variable 'miniMap' implicitly has an 'any' type.
tests/MiniMap.test.ts(209,7): error TS7005: Variable 'miniMap' implicitly has an 'any' type.
tests/MiniMap.test.ts(211,14): error TS7005: Variable 'miniMap' implicitly has an 'any' type.
tests/MiniMap.test.ts(222,7): error TS7005: Variable 'miniMap' implicitly has an 'any' type.
tests/MiniMap.test.ts(223,7): error TS7005: Variable 'miniMap' implicitly has an 'any' type.
tests/MiniMap.test.ts(227,7): error TS7005: Variable 'miniMap' implicitly has an 'any' type.
tests/MiniMap.test.ts(228,7): error TS7005: Variable 'miniMap' implicitly has an 'any' type.
tests/MiniMap.test.ts(229,7): error TS7005: Variable 'miniMap' implicitly has an 'any' type.
tests/MiniMap.test.ts(232,7): error TS7005: Variable 'miniMap' implicitly has an 'any' type.
tests/MiniMap.test.ts(233,7): error TS7005: Variable 'miniMap' implicitly has an 'any' type.
tests/MiniMap.test.ts(234,7): error TS7005: Variable 'miniMap' implicitly has an 'any' type.
tests/MiniMap.test.ts(235,7): error TS7005: Variable 'miniMap' implicitly has an 'any' type.
tests/MiniMap.test.ts(237,14): error TS7005: Variable 'miniMap' implicitly has an 'any' type.
tests/MiniMap.test.ts(242,7): error TS7005: Variable 'miniMap' implicitly has an 'any' type.
tests/MiniMap.test.ts(243,7): error TS7005: Variable 'miniMap' implicitly has an 'any' type.
tests/MiniMap.test.ts(244,7): error TS7005: Variable 'miniMap' implicitly has an 'any' type.
tests/MiniMap.test.ts(245,27): error TS7005: Variable 'miniMap' implicitly has an 'any' type.
tests/MiniMap.test.ts(246,27): error TS7005: Variable 'miniMap' implicitly has an 'any' type.
tests/MiniMap.test.ts(251,7): error TS7005: Variable 'miniMap' implicitly has an 'any' type.
tests/MiniMap.test.ts(251,24): error TS7005: Variable 'miniMap' implicitly has an 'any' type.
tests/MiniMap.test.ts(252,7): error TS7005: Variable 'miniMap' implicitly has an 'any' type.
tests/MiniMap.test.ts(252,24): error TS7005: Variable 'miniMap' implicitly has an 'any' type.
tests/MiniMap.test.ts(253,7): error TS7005: Variable 'miniMap' implicitly has an 'any' type.
tests/MiniMap.test.ts(254,7): error TS7005: Variable 'miniMap' implicitly has an 'any' type.
tests/MiniMap.test.ts(257,14): error TS7005: Variable 'miniMap' implicitly has an 'any' type.
tests/MiniMap.test.ts(258,14): error TS7005: Variable 'miniMap' implicitly has an 'any' type.
tests/MiniMap.test.ts(262,7): error TS7005: Variable 'miniMap' implicitly has an 'any' type.
tests/MiniMap.test.ts(263,7): error TS7005: Variable 'miniMap' implicitly has an 'any' type.
tests/MiniMap.test.ts(264,7): error TS7005: Variable 'miniMap' implicitly has an 'any' type.
tests/MiniMap.test.ts(265,7): error TS7005: Variable 'miniMap' implicitly has an 'any' type.
tests/MiniMap.test.ts(269,27): error TS7005: Variable 'miniMap' implicitly has an 'any' type.
tests/MiniMap.test.ts(270,27): error TS7005: Variable 'miniMap' implicitly has an 'any' type.
tests/MiniMap.test.ts(273,9): error TS7005: Variable 'miniMap' implicitly has an 'any' type.
tests/MiniMap.test.ts(276,14): error TS7005: Variable 'miniMap' implicitly has an 'any' type.
tests/MiniMap.test.ts(280,7): error TS7005: Variable 'miniMap' implicitly has an 'any' type.
tests/MiniMap.test.ts(283,7): error TS7005: Variable 'miniMap' implicitly has an 'any' type.
tests/MiniMap.test.ts(285,14): error TS7005: Variable 'miniMap' implicitly has an 'any' type.
tests/MiniMap.test.ts(289,7): error TS7005: Variable 'miniMap' implicitly has an 'any' type.
tests/MiniMap.test.ts(292,7): error TS7005: Variable 'miniMap' implicitly has an 'any' type.
tests/MiniMap.test.ts(294,14): error TS7005: Variable 'miniMap' implicitly has an 'any' type.
tests/MiniMap.test.ts(300,7): error TS7005: Variable 'miniMap' implicitly has an 'any' type.
tests/MiniMap.test.ts(301,7): error TS7005: Variable 'miniMap' implicitly has an 'any' type.
tests/MiniMap.test.ts(312,16): error TS7005: Variable 'expandedCanvas' implicitly has an 'any' type.
tests/MiniMap.test.ts(320,9): error TS7005: Variable 'miniMap' implicitly has an 'any' type.
tests/MiniMap.test.ts(325,7): error TS7005: Variable 'miniMap' implicitly has an 'any' type.
tests/MiniMap.test.ts(334,9): error TS7005: Variable 'miniMap' implicitly has an 'any' type.
tests/MiniMap.test.ts(341,26): error TS7005: Variable 'miniMap' implicitly has an 'any' type.
tests/MiniMap.test.ts(345,7): error TS7005: Variable 'miniMap' implicitly has an 'any' type.
tests/MiniMap.test.ts(347,14): error TS7005: Variable 'miniMap' implicitly has an 'any' type.
tests/MiniMap.test.ts(351,7): error TS7005: Variable 'miniMap' implicitly has an 'any' type.
tests/MiniMap.test.ts(352,7): error TS7005: Variable 'miniMap' implicitly has an 'any' type.
tests/MiniMap.test.ts(353,7): error TS7005: Variable 'miniMap' implicitly has an 'any' type.
tests/MiniMap.test.ts(355,26): error TS7005: Variable 'miniMap' implicitly has an 'any' type.
tests/MiniMap.test.ts(361,7): error TS7005: Variable 'smallCanvas' implicitly has an 'any' type.
tests/MiniMap.test.ts(362,7): error TS7005: Variable 'expandedCanvas' implicitly has an 'any' type.
tests/MiniMap.test.ts(366,33): error TS7005: Variable 'mockGame' implicitly has an 'any' type.
tests/MiniMap.test.ts(372,7): error TS7005: Variable 'miniMap' implicitly has an 'any' type.
tests/MiniMap.test.ts(374,7): error TS7005: Variable 'miniMap' implicitly has an 'any' type.
tests/MiniMap.test.ts(375,7): error TS7005: Variable 'miniMap' implicitly has an 'any' type.
tests/MiniMap.test.ts(376,7): error TS7005: Variable 'miniMap' implicitly has an 'any' type.
tests/MiniMap.test.ts(377,7): error TS7005: Variable 'miniMap' implicitly has an 'any' type.
tests/MiniMap.test.ts(379,14): error TS7005: Variable 'miniMap' implicitly has an 'any' type.
tests/MiniMap.test.ts(383,7): error TS7005: Variable 'miniMap' implicitly has an 'any' type.
tests/MiniMap.test.ts(384,7): error TS7005: Variable 'miniMap' implicitly has an 'any' type.
tests/MiniMap.test.ts(385,7): error TS7005: Variable 'miniMap' implicitly has an 'any' type.
tests/MiniMap.test.ts(388,9): error TS7005: Variable 'miniMap' implicitly has an 'any' type.
tests/MiniMap.test.ts(394,9): error TS7034: Variable 'addEventListenerSpy' implicitly has type 'any' in some locations where its type cannot be determined.
tests/MiniMap.test.ts(398,38): error TS7005: Variable 'expandedCanvas' implicitly has an 'any' type.
tests/MiniMap.test.ts(399,7): error TS7005: Variable 'miniMap' implicitly has an 'any' type.
tests/MiniMap.test.ts(411,25): error TS7005: Variable 'addEventListenerSpy' implicitly has an 'any' type.
tests/MiniMap.test.ts(429,25): error TS7005: Variable 'addEventListenerSpy' implicitly has an 'any' type.
tests/MiniMap.test.ts(441,7): error TS7005: Variable 'miniMap' implicitly has an 'any' type.
tests/MiniMap.test.ts(444,7): error TS7005: Variable 'miniMap' implicitly has an 'any' type.
tests/MiniMap.test.ts(445,14): error TS7005: Variable 'miniMap' implicitly has an 'any' type.
tests/MiniMap.test.ts(448,7): error TS7005: Variable 'miniMap' implicitly has an 'any' type.
tests/MiniMap.test.ts(449,7): error TS7005: Variable 'miniMap' implicitly has an 'any' type.
tests/MiniMap.test.ts(450,7): error TS7005: Variable 'miniMap' implicitly has an 'any' type.
tests/MiniMap.test.ts(453,7): error TS7005: Variable 'miniMap' implicitly has an 'any' type.
tests/MiniMap.test.ts(454,14): error TS7005: Variable 'miniMap' implicitly has an 'any' type.
tests/MiniMap.test.ts(457,7): error TS7005: Variable 'miniMap' implicitly has an 'any' type.
tests/MiniMap.test.ts(458,14): error TS7005: Variable 'miniMap' implicitly has an 'any' type.
tests/MiniMap.test.ts(459,14): error TS7005: Variable 'miniMap' implicitly has an 'any' type.
tests/MiniMapHighlights.test.ts(4,7): error TS7034: Variable 'miniMap' implicitly has type 'any' in some locations where its type cannot be determined.
tests/MiniMapHighlights.test.ts(14,27): error TS2345: Argument of type '{ playerFacade: { getCurrentZone: () => { x: number; y: number; dimension: number; }; }; }' is not assignable to parameter of type 'IGame'.
  Type '{ playerFacade: { getCurrentZone: () => { x: number; y: number; dimension: number; }; }; }' is missing the following properties from type 'IGame': world, ui, audio, zoneGenState, and 89 more.
tests/MiniMapHighlights.test.ts(17,13): error TS2341: Property 'expandedCanvas' is private and only accessible within class 'MiniMap'.
tests/MiniMapHighlights.test.ts(19,36): error TS2739: Type '{ left: number; top: number; width: number; height: number; }' is missing the following properties from type 'DOMRect': x, y, bottom, right, toJSON
tests/MiniMapHighlights.test.ts(23,13): error TS2341: Property 'renderExpanded' is private and only accessible within class 'MiniMap'.
tests/MiniMapHighlights.test.ts(27,13): error TS2341: Property 'panX' is private and only accessible within class 'MiniMap'.
tests/MiniMapHighlights.test.ts(28,13): error TS2341: Property 'panY' is private and only accessible within class 'MiniMap'.
tests/MiniMapHighlights.test.ts(29,13): error TS2341: Property 'viewZOffset' is private and only accessible within class 'MiniMap'.
tests/MiniMapHighlights.test.ts(37,5): error TS7005: Variable 'miniMap' implicitly has an 'any' type.
tests/MiniMapHighlights.test.ts(38,12): error TS7005: Variable 'miniMap' implicitly has an 'any' type.
tests/MiniMapHighlights.test.ts(41,5): error TS7005: Variable 'miniMap' implicitly has an 'any' type.
tests/MiniMapHighlights.test.ts(42,12): error TS7005: Variable 'miniMap' implicitly has an 'any' type.
tests/MiniMapHighlights.test.ts(45,5): error TS7005: Variable 'miniMap' implicitly has an 'any' type.
tests/MiniMapHighlights.test.ts(46,12): error TS7005: Variable 'miniMap' implicitly has an 'any' type.
tests/MiniMapHighlights.test.ts(49,5): error TS7005: Variable 'miniMap' implicitly has an 'any' type.
tests/MiniMapHighlights.test.ts(50,12): error TS7005: Variable 'miniMap' implicitly has an 'any' type.
tests/MiniMapHighlights.test.ts(53,5): error TS7005: Variable 'miniMap' implicitly has an 'any' type.
tests/MiniMapHighlights.test.ts(54,12): error TS7005: Variable 'miniMap' implicitly has an 'any' type.
tests/MiniMapHighlights.test.ts(57,5): error TS7005: Variable 'miniMap' implicitly has an 'any' type.
tests/MiniMapHighlights.test.ts(58,12): error TS7005: Variable 'miniMap' implicitly has an 'any' type.
tests/MiniMapHighlights.test.ts(61,5): error TS7005: Variable 'miniMap' implicitly has an 'any' type.
tests/MiniMapHighlights.test.ts(62,12): error TS7005: Variable 'miniMap' implicitly has an 'any' type.
tests/MiniMapHighlights.test.ts(68,5): error TS7005: Variable 'miniMap' implicitly has an 'any' type.
tests/MiniMapHighlights.test.ts(71,12): error TS7005: Variable 'miniMap' implicitly has an 'any' type.
tests/MiniMapHighlights.test.ts(72,12): error TS7005: Variable 'miniMap' implicitly has an 'any' type.
tests/Player.test.ts(5,7): error TS7034: Variable 'player' implicitly has type 'any' in some locations where its type cannot be determined.
tests/Player.test.ts(6,7): error TS7034: Variable 'grid' implicitly has type 'any' in some locations where its type cannot be determined.
tests/Player.test.ts(22,12): error TS7005: Variable 'player' implicitly has an 'any' type.
tests/Player.test.ts(23,12): error TS7005: Variable 'player' implicitly has an 'any' type.
tests/Player.test.ts(24,5): error TS7005: Variable 'player' implicitly has an 'any' type.
tests/Player.test.ts(24,19): error TS7005: Variable 'player' implicitly has an 'any' type.
tests/Player.test.ts(25,5): error TS7005: Variable 'player' implicitly has an 'any' type.
tests/Player.test.ts(26,5): error TS7005: Variable 'player' implicitly has an 'any' type.
tests/Player.test.ts(27,12): error TS7005: Variable 'player' implicitly has an 'any' type.
tests/Player.test.ts(28,12): error TS7005: Variable 'player' implicitly has an 'any' type.
tests/Player.test.ts(29,12): error TS7005: Variable 'player' implicitly has an 'any' type.
tests/Player.test.ts(33,12): error TS7005: Variable 'player' implicitly has an 'any' type.
tests/Player.test.ts(33,36): error TS7005: Variable 'grid' implicitly has an 'any' type.
tests/Player.test.ts(34,5): error TS7005: Variable 'grid' implicitly has an 'any' type.
tests/Player.test.ts(35,12): error TS7005: Variable 'player' implicitly has an 'any' type.
tests/Player.test.ts(35,36): error TS7005: Variable 'grid' implicitly has an 'any' type.
tests/Player.test.ts(36,12): error TS7005: Variable 'player' implicitly has an 'any' type.
tests/Player.test.ts(36,37): error TS7005: Variable 'grid' implicitly has an 'any' type.
tests/Player.test.ts(40,5): error TS7005: Variable 'player' implicitly has an 'any' type.
tests/Player.test.ts(40,19): error TS7005: Variable 'player' implicitly has an 'any' type.
tests/Player.test.ts(42,19): error TS7005: Variable 'player' implicitly has an 'any' type.
tests/Player.test.ts(42,37): error TS7005: Variable 'grid' implicitly has an 'any' type.
tests/Player.test.ts(44,12): error TS7005: Variable 'player' implicitly has an 'any' type.
tests/Player.test.ts(45,12): error TS7005: Variable 'player' implicitly has an 'any' type.
tests/Player.test.ts(49,5): error TS7005: Variable 'player' implicitly has an 'any' type.
tests/Player.test.ts(49,19): error TS7005: Variable 'player' implicitly has an 'any' type.
tests/Player.test.ts(50,5): error TS7005: Variable 'grid' implicitly has an 'any' type.
tests/Player.test.ts(50,10): error TS7005: Variable 'player' implicitly has an 'any' type.
tests/Player.test.ts(50,20): error TS7005: Variable 'player' implicitly has an 'any' type.
tests/Player.test.ts(51,12): error TS7005: Variable 'player' implicitly has an 'any' type.
tests/Player.test.ts(51,31): error TS7005: Variable 'grid' implicitly has an 'any' type.
tests/Player.test.ts(53,5): error TS7005: Variable 'grid' implicitly has an 'any' type.
tests/Player.test.ts(53,10): error TS7005: Variable 'player' implicitly has an 'any' type.
tests/Player.test.ts(53,20): error TS7005: Variable 'player' implicitly has an 'any' type.
tests/Player.test.ts(55,19): error TS7005: Variable 'player' implicitly has an 'any' type.
tests/Player.test.ts(55,38): error TS7005: Variable 'grid' implicitly has an 'any' type.
tests/Player.test.ts(61,5): error TS7005: Variable 'player' implicitly has an 'any' type.
tests/Player.test.ts(61,19): error TS7005: Variable 'player' implicitly has an 'any' type.
tests/Player.test.ts(62,20): error TS7005: Variable 'grid' implicitly has an 'any' type.
tests/Player.test.ts(63,17): error TS7005: Variable 'player' implicitly has an 'any' type.
tests/Player.test.ts(66,22): error TS7005: Variable 'player' implicitly has an 'any' type.
tests/Player.test.ts(66,44): error TS7005: Variable 'player' implicitly has an 'any' type.
tests/Player.test.ts(70,12): error TS7005: Variable 'player' implicitly has an 'any' type.
tests/Player.test.ts(71,5): error TS7005: Variable 'player' implicitly has an 'any' type.
tests/Player.test.ts(72,12): error TS7005: Variable 'player' implicitly has an 'any' type.
tests/Player.test.ts(76,5): error TS7005: Variable 'player' implicitly has an 'any' type.
tests/Player.test.ts(76,19): error TS7005: Variable 'player' implicitly has an 'any' type.
tests/Player.test.ts(78,5): error TS7005: Variable 'player' implicitly has an 'any' type.
tests/Player.test.ts(80,19): error TS7005: Variable 'player' implicitly has an 'any' type.
tests/Player.test.ts(80,37): error TS7005: Variable 'grid' implicitly has an 'any' type.
tests/Player.test.ts(82,67): error TS7005: Variable 'player' implicitly has an 'any' type.
tests/Player.test.ts(82,81): error TS7005: Variable 'grid' implicitly has an 'any' type.
tests/Player.test.ts(86,5): error TS7005: Variable 'player' implicitly has an 'any' type.
tests/Player.test.ts(86,19): error TS7005: Variable 'player' implicitly has an 'any' type.
tests/Player.test.ts(87,5): error TS7005: Variable 'player' implicitly has an 'any' type.
tests/Player.test.ts(89,5): error TS7005: Variable 'grid' implicitly has an 'any' type.
tests/Player.test.ts(90,19): error TS7005: Variable 'player' implicitly has an 'any' type.
tests/Player.test.ts(90,37): error TS7005: Variable 'grid' implicitly has an 'any' type.
tests/Player.test.ts(94,12): error TS7005: Variable 'grid' implicitly has an 'any' type.
tests/Player.test.ts(96,12): error TS7005: Variable 'player' implicitly has an 'any' type.
tests/Player.test.ts(100,5): error TS7005: Variable 'player' implicitly has an 'any' type.
tests/Player.test.ts(100,19): error TS7005: Variable 'player' implicitly has an 'any' type.
tests/Player.test.ts(101,5): error TS7005: Variable 'player' implicitly has an 'any' type.
tests/Player.test.ts(102,5): error TS7005: Variable 'grid' implicitly has an 'any' type.
tests/Player.test.ts(103,26): error TS7005: Variable 'player' implicitly has an 'any' type.
tests/Player.test.ts(104,19): error TS7005: Variable 'player' implicitly has an 'any' type.
tests/Player.test.ts(104,37): error TS7005: Variable 'grid' implicitly has an 'any' type.
tests/Player.test.ts(106,12): error TS7005: Variable 'grid' implicitly has an 'any' type.
tests/Player.test.ts(106,47): error TS7005: Variable 'grid' implicitly has an 'any' type.
tests/Player.test.ts(107,12): error TS7005: Variable 'player' implicitly has an 'any' type.
tests/Player.test.ts(111,5): error TS7005: Variable 'player' implicitly has an 'any' type.
tests/Player.test.ts(111,19): error TS7005: Variable 'player' implicitly has an 'any' type.
tests/Player.test.ts(113,5): error TS7005: Variable 'grid' implicitly has an 'any' type.
tests/Player.test.ts(114,19): error TS7005: Variable 'player' implicitly has an 'any' type.
tests/Player.test.ts(114,37): error TS7005: Variable 'grid' implicitly has an 'any' type.
tests/PlayerStatsUI.test.ts(7,7): error TS7034: Variable 'playerStatsUI' implicitly has type 'any' in some locations where its type cannot be determined.
tests/PlayerStatsUI.test.ts(8,7): error TS7034: Variable 'mockGame' implicitly has type 'any' in some locations where its type cannot be determined.
tests/PlayerStatsUI.test.ts(9,7): error TS7034: Variable 'mockPlayer' implicitly has type 'any' in some locations where its type cannot be determined.
tests/PlayerStatsUI.test.ts(53,39): error TS2345: Argument of type '{ player: any; playerFacade: any; grid: any; enemies: never[]; npcs: never[]; canvas: { getBoundingClientRect: Mock<Procedure>; }; pendingCharge: null; bombPlacementMode: boolean; ... 22 more ...; incrementBombActions: Mock<...>; }' is not assignable to parameter of type 'IGame'.
  Type '{ player: any; playerFacade: any; grid: any; enemies: never[]; npcs: never[]; canvas: { getBoundingClientRect: Mock<Procedure>; }; pendingCharge: null; bombPlacementMode: boolean; ... 22 more ...; incrementBombActions: Mock<...>; }' is missing the following properties from type 'IGame': world, ui, audio, zoneGenState, and 66 more.
tests/PlayerStatsUI.test.ts(63,34): error TS7005: Variable 'playerStatsUI' implicitly has an 'any' type.
tests/PlayerStatsUI.test.ts(72,34): error TS7005: Variable 'playerStatsUI' implicitly has an 'any' type.
tests/PlayerStatsUI.test.ts(85,7): error TS7005: Variable 'playerStatsUI' implicitly has an 'any' type.
tests/PlayerStatsUI.test.ts(93,7): error TS7005: Variable 'playerStatsUI' implicitly has an 'any' type.
tests/PlayerStatsUI.test.ts(101,7): error TS7005: Variable 'playerStatsUI' implicitly has an 'any' type.
tests/PlayerStatsUI.test.ts(108,9): error TS7005: Variable 'playerStatsUI' implicitly has an 'any' type.
tests/PlayerStatsUI.test.ts(115,7): error TS7005: Variable 'mockPlayer' implicitly has an 'any' type.
tests/PlayerStatsUI.test.ts(116,7): error TS7005: Variable 'mockPlayer' implicitly has an 'any' type.
tests/PlayerStatsUI.test.ts(118,7): error TS7005: Variable 'playerStatsUI' implicitly has an 'any' type.
tests/PlayerStatsUI.test.ts(128,7): error TS7005: Variable 'mockPlayer' implicitly has an 'any' type.
tests/PlayerStatsUI.test.ts(130,7): error TS7005: Variable 'playerStatsUI' implicitly has an 'any' type.
tests/PlayerStatsUI.test.ts(137,7): error TS7005: Variable 'mockPlayer' implicitly has an 'any' type.
tests/PlayerStatsUI.test.ts(139,7): error TS7005: Variable 'playerStatsUI' implicitly has an 'any' type.
tests/PlayerStatsUI.test.ts(146,7): error TS7005: Variable 'mockPlayer' implicitly has an 'any' type.
tests/PlayerStatsUI.test.ts(148,7): error TS7005: Variable 'playerStatsUI' implicitly has an 'any' type.
tests/PlayerStatsUI.test.ts(155,7): error TS7005: Variable 'mockPlayer' implicitly has an 'any' type.
tests/PlayerStatsUI.test.ts(157,7): error TS7005: Variable 'playerStatsUI' implicitly has an 'any' type.
tests/PlayerStatsUI.test.ts(166,7): error TS7005: Variable 'mockPlayer' implicitly has an 'any' type.
tests/PlayerStatsUI.test.ts(168,7): error TS7005: Variable 'playerStatsUI' implicitly has an 'any' type.
tests/PlayerStatsUI.test.ts(177,7): error TS7005: Variable 'mockPlayer' implicitly has an 'any' type.
tests/PlayerStatsUI.test.ts(179,7): error TS7005: Variable 'playerStatsUI' implicitly has an 'any' type.
tests/PlayerStatsUI.test.ts(187,7): error TS7005: Variable 'mockPlayer' implicitly has an 'any' type.
tests/PlayerStatsUI.test.ts(189,7): error TS7005: Variable 'playerStatsUI' implicitly has an 'any' type.
tests/PlayerStatsUI.test.ts(196,7): error TS7005: Variable 'mockPlayer' implicitly has an 'any' type.
tests/PlayerStatsUI.test.ts(198,7): error TS7005: Variable 'playerStatsUI' implicitly has an 'any' type.
tests/PlayerStatsUI.test.ts(205,7): error TS7005: Variable 'mockPlayer' implicitly has an 'any' type.
tests/PlayerStatsUI.test.ts(207,7): error TS7005: Variable 'playerStatsUI' implicitly has an 'any' type.
tests/PlayerStatsUI.test.ts(214,7): error TS7005: Variable 'playerStatsUI' implicitly has an 'any' type.
tests/PlayerStatsUI.test.ts(216,14): error TS7005: Variable 'mockGame' implicitly has an 'any' type.
tests/PlayerStatsUI.test.ts(220,7): error TS7005: Variable 'mockGame' implicitly has an 'any' type.
tests/PlayerStatsUI.test.ts(223,9): error TS7005: Variable 'playerStatsUI' implicitly has an 'any' type.
tests/PlayerStatsUI.test.ts(233,9): error TS7005: Variable 'playerStatsUI' implicitly has an 'any' type.
tests/PlayerStatsUI.test.ts(238,7): error TS7005: Variable 'mockPlayer' implicitly has an 'any' type.
tests/PlayerStatsUI.test.ts(240,7): error TS7005: Variable 'playerStatsUI' implicitly has an 'any' type.
tests/PlayerStatsUI.test.ts(249,7): error TS7005: Variable 'mockPlayer' implicitly has an 'any' type.
tests/PlayerStatsUI.test.ts(250,7): error TS7005: Variable 'mockPlayer' implicitly has an 'any' type.
tests/PlayerStatsUI.test.ts(251,7): error TS7005: Variable 'mockPlayer' implicitly has an 'any' type.
tests/PlayerStatsUI.test.ts(254,9): error TS7005: Variable 'playerStatsUI' implicitly has an 'any' type.
tests/PlayerStatsUI.test.ts(259,7): error TS7005: Variable 'mockPlayer' implicitly has an 'any' type.
tests/PlayerStatsUI.test.ts(260,7): error TS7005: Variable 'mockPlayer' implicitly has an 'any' type.
tests/PlayerStatsUI.test.ts(262,7): error TS7005: Variable 'playerStatsUI' implicitly has an 'any' type.
tests/PlayerStatsUI.test.ts(274,34): error TS7005: Variable 'playerStatsUI' implicitly has an 'any' type.
tests/PlayerStatsUI.test.ts(282,34): error TS7005: Variable 'playerStatsUI' implicitly has an 'any' type.
tests/PlayerStatsUI.test.ts(290,34): error TS7005: Variable 'playerStatsUI' implicitly has an 'any' type.
tests/Position.test.ts(495,19): error TS7034: Variable 'grid' implicitly has type 'any[]' in some locations where its type cannot be determined.
tests/Position.test.ts(497,25): error TS7005: Variable 'grid' implicitly has an 'any[]' type.
tests/Position.test.ts(498,20): error TS7005: Variable 'grid' implicitly has an 'any[]' type.
tests/RecordsOverlay.test.ts(27,12): error TS7017: Element implicitly has an 'any' type because type 'typeof globalThis' has no index signature.
tests/RecordsOverlay.test.ts(40,40): error TS7017: Element implicitly has an 'any' type because type 'typeof globalThis' has no index signature.
tests/RecordsOverlay.test.ts(49,12): error TS18047: 'rz' is possibly 'null'.
tests/RecordsOverlay.test.ts(50,12): error TS18047: 'rp' is possibly 'null'.
tests/RecordsOverlay.test.ts(51,12): error TS18047: 'rc' is possibly 'null'.
tests/SafeServiceCall.test.ts(226,31): error TS2339: Property 'gameStateManager' does not exist on type '{}'.
tests/test-grid-manager.ts(56,16): error TS18048: 'upNeighbor' is possibly 'undefined'.
tests/test-grid-manager.ts(71,16): error TS2367: This comparison appears to be unintentional because the types 'void' and 'boolean' have no overlap.
tests/test-npc-distance.ts(10,29): error TS2345: Argument of type '{ x: number; y: number; }' is not assignable to parameter of type 'Position'.
  Type '{ x: number; y: number; }' is missing the following properties from type 'Position': equals, isZero, chebyshevDistance, manhattanDistance, and 28 more.
tests/test-npc-distance.ts(16,42): error TS2345: Argument of type '{ x: number; y: number; }' is not assignable to parameter of type 'Position'.
  Type '{ x: number; y: number; }' is missing the following properties from type 'Position': equals, isZero, chebyshevDistance, manhattanDistance, and 28 more.
tests/test-npc-distance.ts(22,38): error TS2345: Argument of type '{ x: number; y: number; }' is not assignable to parameter of type 'Position'.
  Type '{ x: number; y: number; }' is missing the following properties from type 'Position': equals, isZero, chebyshevDistance, manhattanDistance, and 28 more.
tests/test-npc-distance.ts(28,38): error TS2345: Argument of type '{ x: number; y: number; }' is not assignable to parameter of type 'Position'.
  Type '{ x: number; y: number; }' is missing the following properties from type 'Position': equals, isZero, chebyshevDistance, manhattanDistance, and 28 more.
tests/test-npc-distance.ts(34,38): error TS2345: Argument of type '{ x: number; y: number; }' is not assignable to parameter of type 'Position'.
  Type '{ x: number; y: number; }' is missing the following properties from type 'Position': equals, isZero, chebyshevDistance, manhattanDistance, and 28 more.
tests/test-npc-distance.ts(40,38): error TS2345: Argument of type '{ x: number; y: number; }' is not assignable to parameter of type 'Position'.
  Type '{ x: number; y: number; }' is missing the following properties from type 'Position': equals, isZero, chebyshevDistance, manhattanDistance, and 28 more.
tests/test-npc-distance.ts(52,38): error TS2345: Argument of type '{ x: number; y: number; }' is not assignable to parameter of type 'Position'.
  Type '{ x: number; y: number; }' is missing the following properties from type 'Position': equals, isZero, chebyshevDistance, manhattanDistance, and 28 more.
tests/test-player-facade.ts(16,1): error TS2740: Type '{ health: number; hunger: number; thirst: number; musicEnabled: true; }' is missing the following properties from type 'PlayerStats': player, points, spentDiscoveries, dead, and 21 more.
tests/test-player-facade.ts(91,39): error TS2339: Property 'count' does not exist on type 'InventoryItem'.
  Property 'count' does not exist on type 'BaseItem'.
tests/test-player-facade.ts(92,45): error TS18048: 'foundItem' is possibly 'undefined'.
tests/test-player-facade.ts(92,64): error TS18048: 'foundItem' is possibly 'undefined'.
tests/test-player-facade.ts(92,74): error TS2339: Property 'count' does not exist on type 'InventoryItem'.
  Property 'count' does not exist on type 'BaseItem'.
tests/test-player-facade.ts(96,16): error TS18047: 'removed' is possibly 'null'.
tests/test-player-facade.ts(99,51): error TS18047: 'removed' is possibly 'null'.
tests/test-transient-game-state.ts(180,16): error TS2367: This comparison appears to be unintentional because the types 'false' and 'true' have no overlap.
tests/TileStrategyPattern.test.ts(5,9): error TS7034: Variable 'renderer' implicitly has type 'any' in some locations where its type cannot be determined.
tests/TileStrategyPattern.test.ts(6,9): error TS7034: Variable 'mockCtx' implicitly has type 'any' in some locations where its type cannot be determined.
tests/TileStrategyPattern.test.ts(7,9): error TS7034: Variable 'grid' implicitly has type 'any' in some locations where its type cannot be determined.
tests/TileStrategyPattern.test.ts(36,66): error TS2345: Argument of type '{ findGratePosition: Mock<() => null>; findShackPosition: Mock<() => null>; findHousePosition: Mock<() => null>; }' is not assignable to parameter of type 'MultiTileHandler'.
  Type '{ findGratePosition: Mock<() => null>; findShackPosition: Mock<() => null>; findHousePosition: Mock<() => null>; }' is missing the following properties from type 'MultiTileHandler': findWellPosition, findDeadTreePosition
tests/TileStrategyPattern.test.ts(41,16): error TS7005: Variable 'renderer' implicitly has an 'any' type.
tests/TileStrategyPattern.test.ts(46,16): error TS7005: Variable 'renderer' implicitly has an 'any' type.
tests/TileStrategyPattern.test.ts(47,16): error TS7005: Variable 'renderer' implicitly has an 'any' type.
tests/TileStrategyPattern.test.ts(48,16): error TS7005: Variable 'renderer' implicitly has an 'any' type.
tests/TileStrategyPattern.test.ts(49,16): error TS7005: Variable 'renderer' implicitly has an 'any' type.
tests/TileStrategyPattern.test.ts(52,16): error TS7005: Variable 'renderer' implicitly has an 'any' type.
tests/TileStrategyPattern.test.ts(53,16): error TS7005: Variable 'renderer' implicitly has an 'any' type.
tests/TileStrategyPattern.test.ts(54,16): error TS7005: Variable 'renderer' implicitly has an 'any' type.
tests/TileStrategyPattern.test.ts(55,16): error TS7005: Variable 'renderer' implicitly has an 'any' type.
tests/TileStrategyPattern.test.ts(58,16): error TS7005: Variable 'renderer' implicitly has an 'any' type.
tests/TileStrategyPattern.test.ts(59,16): error TS7005: Variable 'renderer' implicitly has an 'any' type.
tests/TileStrategyPattern.test.ts(60,16): error TS7005: Variable 'renderer' implicitly has an 'any' type.
tests/TileStrategyPattern.test.ts(61,16): error TS7005: Variable 'renderer' implicitly has an 'any' type.
tests/TileStrategyPattern.test.ts(62,16): error TS7005: Variable 'renderer' implicitly has an 'any' type.
tests/TileStrategyPattern.test.ts(65,16): error TS7005: Variable 'renderer' implicitly has an 'any' type.
tests/TileStrategyPattern.test.ts(66,16): error TS7005: Variable 'renderer' implicitly has an 'any' type.
tests/TileStrategyPattern.test.ts(67,16): error TS7005: Variable 'renderer' implicitly has an 'any' type.
tests/TileStrategyPattern.test.ts(68,16): error TS7005: Variable 'renderer' implicitly has an 'any' type.
tests/TileStrategyPattern.test.ts(69,16): error TS7005: Variable 'renderer' implicitly has an 'any' type.
tests/TileStrategyPattern.test.ts(72,16): error TS7005: Variable 'renderer' implicitly has an 'any' type.
tests/TileStrategyPattern.test.ts(73,16): error TS7005: Variable 'renderer' implicitly has an 'any' type.
tests/TileStrategyPattern.test.ts(78,13): error TS7005: Variable 'renderer' implicitly has an 'any' type.
tests/TileStrategyPattern.test.ts(78,33): error TS7005: Variable 'mockCtx' implicitly has an 'any' type.
tests/TileStrategyPattern.test.ts(78,66): error TS7005: Variable 'grid' implicitly has an 'any' type.
tests/TileStrategyPattern.test.ts(84,13): error TS7005: Variable 'renderer' implicitly has an 'any' type.
tests/TileStrategyPattern.test.ts(84,33): error TS7005: Variable 'mockCtx' implicitly has an 'any' type.
tests/TileStrategyPattern.test.ts(84,65): error TS7005: Variable 'grid' implicitly has an 'any' type.
tests/TileStrategyPattern.test.ts(90,13): error TS7005: Variable 'renderer' implicitly has an 'any' type.
tests/TileStrategyPattern.test.ts(90,33): error TS7005: Variable 'mockCtx' implicitly has an 'any' type.
tests/TileStrategyPattern.test.ts(90,66): error TS7005: Variable 'grid' implicitly has an 'any' type.
tests/TileStrategyPattern.test.ts(96,13): error TS7005: Variable 'renderer' implicitly has an 'any' type.
tests/TileStrategyPattern.test.ts(96,33): error TS7005: Variable 'mockCtx' implicitly has an 'any' type.
tests/TileStrategyPattern.test.ts(96,66): error TS7005: Variable 'grid' implicitly has an 'any' type.
tests/TileStrategyPattern.test.ts(103,13): error TS7005: Variable 'renderer' implicitly has an 'any' type.
tests/TileStrategyPattern.test.ts(103,33): error TS7005: Variable 'mockCtx' implicitly has an 'any' type.
tests/TileStrategyPattern.test.ts(103,60): error TS7005: Variable 'grid' implicitly has an 'any' type.
tests/TileStrategyPattern.test.ts(108,9): error TS7005: Variable 'renderer' implicitly has an 'any' type.
tests/TileStrategyPattern.test.ts(108,29): error TS7005: Variable 'mockCtx' implicitly has an 'any' type.
tests/TileStrategyPattern.test.ts(108,62): error TS7005: Variable 'grid' implicitly has an 'any' type.
tests/TileStrategyPattern.test.ts(109,16): error TS7005: Variable 'mockCtx' implicitly has an 'any' type.
tests/TileStrategyPattern.test.ts(110,16): error TS7005: Variable 'mockCtx' implicitly has an 'any' type.
tests/TileStrategyPattern.test.ts(114,9): error TS7005: Variable 'mockCtx' implicitly has an 'any' type.
tests/TileStrategyPattern.test.ts(115,9): error TS7005: Variable 'mockCtx' implicitly has an 'any' type.
tests/TileStrategyPattern.test.ts(116,9): error TS7005: Variable 'renderer' implicitly has an 'any' type.
tests/TileStrategyPattern.test.ts(116,29): error TS7005: Variable 'mockCtx' implicitly has an 'any' type.
tests/TileStrategyPattern.test.ts(116,61): error TS7005: Variable 'grid' implicitly has an 'any' type.
tests/TileStrategyPattern.test.ts(119,13): error TS7005: Variable 'renderer' implicitly has an 'any' type.
tests/TileStrategyPattern.test.ts(119,33): error TS7005: Variable 'mockCtx' implicitly has an 'any' type.
tests/TileStrategyPattern.test.ts(119,65): error TS7005: Variable 'grid' implicitly has an 'any' type.
tests/TileStrategyPattern.test.ts(126,13): error TS7005: Variable 'renderer' implicitly has an 'any' type.
tests/TileStrategyPattern.test.ts(126,33): error TS7005: Variable 'mockCtx' implicitly has an 'any' type.
tests/TileStrategyPattern.test.ts(126,61): error TS7005: Variable 'grid' implicitly has an 'any' type.
tests/TileStrategyPattern.test.ts(131,33): error TS7005: Variable 'renderer' implicitly has an 'any' type.
tests/TileStrategyPattern.test.ts(132,33): error TS7005: Variable 'renderer' implicitly has an 'any' type.
tests/TileStrategyPattern.test.ts(137,16): error TS7005: Variable 'renderer' implicitly has an 'any' type.
tests/TileStrategyPattern.test.ts(138,16): error TS7005: Variable 'renderer' implicitly has an 'any' type.
tests/TileStrategyPattern.test.ts(139,16): error TS7005: Variable 'renderer' implicitly has an 'any' type.
tests/TileStrategyPattern.test.ts(140,16): error TS7005: Variable 'renderer' implicitly has an 'any' type.
tests/TurnManager.test.ts(5,7): error TS7034: Variable 'turnManager' implicitly has type 'any' in some locations where its type cannot be determined.
tests/TurnManager.test.ts(6,7): error TS7034: Variable 'mockGame' implicitly has type 'any' in some locations where its type cannot be determined.
tests/TurnManager.test.ts(7,7): error TS7034: Variable 'mockEnemyCollection' implicitly has type 'any' in some locations where its type cannot be determined.
tests/TurnManager.test.ts(8,7): error TS7034: Variable 'mockAnimationScheduler' implicitly has type 'any' in some locations where its type cannot be determined.
tests/TurnManager.test.ts(9,7): error TS7034: Variable 'mockTransientState' implicitly has type 'any' in some locations where its type cannot be determined.
tests/TurnManager.test.ts(10,7): error TS7034: Variable 'mockCombatManager' implicitly has type 'any' in some locations where its type cannot be determined.
tests/TurnManager.test.ts(11,7): error TS7034: Variable 'mockInteractionManager' implicitly has type 'any' in some locations where its type cannot be determined.
tests/TurnManager.test.ts(15,11): error TS7034: Variable 'enemies' implicitly has type 'any[]' in some locations where its type cannot be determined.
tests/TurnManager.test.ts(18,36): error TS7005: Variable 'enemies' implicitly has an 'any[]' type.
tests/TurnManager.test.ts(19,31): error TS7005: Variable 'enemies' implicitly has an 'any[]' type.
tests/TurnManager.test.ts(20,34): error TS7005: Variable 'enemies' implicitly has an 'any[]' type.
tests/TurnManager.test.ts(21,17): error TS7005: Variable 'enemies' implicitly has an 'any[]' type.
tests/TurnManager.test.ts(28,16): error TS2683: 'this' implicitly has type 'any' because it does not have a type annotation.
tests/TurnManager.test.ts(30,39): error TS2683: 'this' implicitly has type 'any' because it does not have a type annotation.
tests/TurnManager.test.ts(31,40): error TS2683: 'this' implicitly has type 'any' because it does not have a type annotation.
tests/TurnManager.test.ts(71,7): error TS2353: Object literal may only specify known properties, and 'playerJustAttacked' does not exist in type 'GameContext'.
tests/TurnManager.test.ts(79,14): error TS7005: Variable 'turnManager' implicitly has an 'any' type.
tests/TurnManager.test.ts(83,14): error TS7005: Variable 'turnManager' implicitly has an 'any' type.
tests/TurnManager.test.ts(87,14): error TS7005: Variable 'turnManager' implicitly has an 'any' type.
tests/TurnManager.test.ts(91,14): error TS7005: Variable 'turnManager' implicitly has an 'any' type.
tests/TurnManager.test.ts(97,28): error TS7005: Variable 'turnManager' implicitly has an 'any' type.
tests/TurnManager.test.ts(98,7): error TS7005: Variable 'turnManager' implicitly has an 'any' type.
tests/TurnManager.test.ts(103,7): error TS7005: Variable 'mockTransientState' implicitly has an 'any' type.
tests/TurnManager.test.ts(104,7): error TS7005: Variable 'turnManager' implicitly has an 'any' type.
tests/TurnManager.test.ts(105,14): error TS7005: Variable 'mockTransientState' implicitly has an 'any' type.
tests/TurnManager.test.ts(109,7): error TS7005: Variable 'mockTransientState' implicitly has an 'any' type.
tests/TurnManager.test.ts(110,7): error TS7005: Variable 'turnManager' implicitly has an 'any' type.
tests/TurnManager.test.ts(111,14): error TS7005: Variable 'mockTransientState' implicitly has an 'any' type.
tests/TurnManager.test.ts(115,14): error TS7005: Variable 'turnManager' implicitly has an 'any' type.
tests/TurnManager.test.ts(121,7): error TS7005: Variable 'mockTransientState' implicitly has an 'any' type.
tests/TurnManager.test.ts(122,7): error TS7005: Variable 'turnManager' implicitly has an 'any' type.
tests/TurnManager.test.ts(123,14): error TS7005: Variable 'mockGame' implicitly has an 'any' type.
tests/TurnManager.test.ts(128,7): error TS7005: Variable 'mockEnemyCollection' implicitly has an 'any' type.
tests/TurnManager.test.ts(129,7): error TS7005: Variable 'mockGame' implicitly has an 'any' type.
tests/TurnManager.test.ts(136,18): error TS2683: 'this' implicitly has type 'any' because it does not have a type annotation.
tests/TurnManager.test.ts(138,41): error TS2683: 'this' implicitly has type 'any' because it does not have a type annotation.
tests/TurnManager.test.ts(139,42): error TS2683: 'this' implicitly has type 'any' because it does not have a type annotation.
tests/TurnManager.test.ts(141,7): error TS7005: Variable 'mockAnimationScheduler' implicitly has an 'any' type.
tests/TurnManager.test.ts(143,7): error TS7005: Variable 'turnManager' implicitly has an 'any' type.
tests/TurnManager.test.ts(146,14): error TS7005: Variable 'mockGame' implicitly has an 'any' type.
tests/TurnManager.test.ts(150,7): error TS7005: Variable 'turnManager' implicitly has an 'any' type.
tests/TurnManager.test.ts(151,7): error TS7005: Variable 'turnManager' implicitly has an 'any' type.
tests/TurnManager.test.ts(152,7): error TS7005: Variable 'turnManager' implicitly has an 'any' type.
tests/TurnManager.test.ts(153,14): error TS7005: Variable 'turnManager' implicitly has an 'any' type.
tests/TurnManager.test.ts(157,7): error TS7005: Variable 'mockGame' implicitly has an 'any' type.
tests/TurnManager.test.ts(158,7): error TS7005: Variable 'turnManager' implicitly has an 'any' type.
tests/TurnManager.test.ts(159,14): error TS7005: Variable 'turnManager' implicitly has an 'any' type.
tests/TurnManager.test.ts(165,7): error TS7005: Variable 'mockEnemyCollection' implicitly has an 'any' type.
tests/TurnManager.test.ts(166,7): error TS7005: Variable 'mockGame' implicitly has an 'any' type.
tests/TurnManager.test.ts(168,7): error TS7005: Variable 'turnManager' implicitly has an 'any' type.
tests/TurnManager.test.ts(178,7): error TS7005: Variable 'mockEnemyCollection' implicitly has an 'any' type.
tests/TurnManager.test.ts(179,7): error TS7005: Variable 'mockGame' implicitly has an 'any' type.
tests/TurnManager.test.ts(181,7): error TS7005: Variable 'turnManager' implicitly has an 'any' type.
tests/TurnManager.test.ts(189,7): error TS7005: Variable 'mockEnemyCollection' implicitly has an 'any' type.
tests/TurnManager.test.ts(190,7): error TS7005: Variable 'turnManager' implicitly has an 'any' type.
tests/TurnManager.test.ts(191,7): error TS7005: Variable 'mockGame' implicitly has an 'any' type.
tests/TurnManager.test.ts(193,7): error TS7005: Variable 'turnManager' implicitly has an 'any' type.
tests/TurnManager.test.ts(196,14): error TS7005: Variable 'mockGame' implicitly has an 'any' type.
tests/TurnManager.test.ts(202,7): error TS7005: Variable 'mockEnemyCollection' implicitly has an 'any' type.
tests/TurnManager.test.ts(203,7): error TS7005: Variable 'mockGame' implicitly has an 'any' type.
tests/TurnManager.test.ts(204,7): error TS7005: Variable 'mockGame' implicitly has an 'any' type.
tests/TurnManager.test.ts(206,7): error TS7005: Variable 'turnManager' implicitly has an 'any' type.
tests/TurnManager.test.ts(213,7): error TS7005: Variable 'mockGame' implicitly has an 'any' type.
tests/TurnManager.test.ts(214,7): error TS7005: Variable 'mockGame' implicitly has an 'any' type.
tests/TurnManager.test.ts(216,7): error TS7005: Variable 'turnManager' implicitly has an 'any' type.
tests/TurnManager.test.ts(218,14): error TS7005: Variable 'mockGame' implicitly has an 'any' type.
tests/TurnManager.test.ts(222,7): error TS7005: Variable 'mockGame' implicitly has an 'any' type.
tests/TurnManager.test.ts(223,7): error TS7005: Variable 'turnManager' implicitly has an 'any' type.
tests/TurnManager.test.ts(224,14): error TS7005: Variable 'turnManager' implicitly has an 'any' type.
tests/TurnManager.test.ts(226,7): error TS7005: Variable 'mockGame' implicitly has an 'any' type.
tests/TurnManager.test.ts(227,7): error TS7005: Variable 'turnManager' implicitly has an 'any' type.
tests/TurnManager.test.ts(228,14): error TS7005: Variable 'turnManager' implicitly has an 'any' type.
tests/TurnManager.test.ts(234,7): error TS7005: Variable 'mockEnemyCollection' implicitly has an 'any' type.
tests/TurnManager.test.ts(236,7): error TS7005: Variable 'turnManager' implicitly has an 'any' type.
tests/TurnManager.test.ts(238,14): error TS7005: Variable 'mockEnemyCollection' implicitly has an 'any' type.
tests/TurnManager.test.ts(242,28): error TS7005: Variable 'turnManager' implicitly has an 'any' type.
tests/TurnManager.test.ts(243,7): error TS7005: Variable 'turnManager' implicitly has an 'any' type.
tests/TurnManager.test.ts(250,7): error TS7005: Variable 'mockGame' implicitly has an 'any' type.
tests/TurnManager.test.ts(251,7): error TS7005: Variable 'turnManager' implicitly has an 'any' type.
tests/TurnManager.test.ts(252,7): error TS7005: Variable 'turnManager' implicitly has an 'any' type.
tests/TurnManager.test.ts(253,14): error TS7005: Variable 'mockGame' implicitly has an 'any' type.
tests/TurnManager.test.ts(257,7): error TS7005: Variable 'mockGame' implicitly has an 'any' type.
tests/TurnManager.test.ts(258,7): error TS7005: Variable 'turnManager' implicitly has an 'any' type.
tests/TurnManager.test.ts(259,7): error TS7005: Variable 'turnManager' implicitly has an 'any' type.
tests/TurnManager.test.ts(260,14): error TS7005: Variable 'mockGame' implicitly has an 'any' type.
tests/TurnManager.test.ts(264,7): error TS7005: Variable 'turnManager' implicitly has an 'any' type.
tests/TurnManager.test.ts(265,7): error TS7005: Variable 'turnManager' implicitly has an 'any' type.
tests/TurnManager.test.ts(266,14): error TS7005: Variable 'mockCombatManager' implicitly has an 'any' type.
tests/TurnManager.test.ts(270,7): error TS7005: Variable 'turnManager' implicitly has an 'any' type.
tests/TurnManager.test.ts(271,7): error TS7005: Variable 'turnManager' implicitly has an 'any' type.
tests/TurnManager.test.ts(272,14): error TS7005: Variable 'mockInteractionManager' implicitly has an 'any' type.
tests/TurnManager.test.ts(276,7): error TS7005: Variable 'mockGame' implicitly has an 'any' type.
tests/TurnManager.test.ts(277,7): error TS7005: Variable 'turnManager' implicitly has an 'any' type.
tests/TurnManager.test.ts(278,20): error TS7005: Variable 'turnManager' implicitly has an 'any' type.
tests/TurnManager.test.ts(282,7): error TS7005: Variable 'mockGame' implicitly has an 'any' type.
tests/TurnManager.test.ts(283,7): error TS7005: Variable 'turnManager' implicitly has an 'any' type.
tests/TurnManager.test.ts(284,20): error TS7005: Variable 'turnManager' implicitly has an 'any' type.
tests/TurnManager.test.ts(288,7): error TS7005: Variable 'mockCombatManager' implicitly has an 'any' type.
tests/TurnManager.test.ts(289,7): error TS7005: Variable 'turnManager' implicitly has an 'any' type.
tests/TurnManager.test.ts(290,7): error TS7005: Variable 'turnManager' implicitly has an 'any' type.
tests/TurnManager.test.ts(291,14): error TS7005: Variable 'mockAnimationScheduler' implicitly has an 'any' type.
tests/TurnManager.test.ts(297,7): error TS7005: Variable 'mockEnemyCollection' implicitly has an 'any' type.
tests/TurnManager.test.ts(298,7): error TS7005: Variable 'mockEnemyCollection' implicitly has an 'any' type.
tests/TurnManager.test.ts(299,7): error TS7005: Variable 'turnManager' implicitly has an 'any' type.
tests/TurnManager.test.ts(301,7): error TS7005: Variable 'turnManager' implicitly has an 'any' type.
tests/TurnManager.test.ts(303,14): error TS7005: Variable 'mockAnimationScheduler' implicitly has an 'any' type.
tests/TurnManager.test.ts(309,7): error TS7005: Variable 'mockEnemyCollection' implicitly has an 'any' type.
tests/TurnManager.test.ts(310,7): error TS7005: Variable 'mockEnemyCollection' implicitly has an 'any' type.
tests/TurnManager.test.ts(311,7): error TS7005: Variable 'turnManager' implicitly has an 'any' type.
tests/TurnManager.test.ts(313,7): error TS7005: Variable 'turnManager' implicitly has an 'any' type.
tests/TurnManager.test.ts(316,14): error TS7005: Variable 'mockAnimationScheduler' implicitly has an 'any' type.
tests/TurnManager.test.ts(322,7): error TS7005: Variable 'mockEnemyCollection' implicitly has an 'any' type.
tests/TurnManager.test.ts(323,7): error TS7005: Variable 'mockEnemyCollection' implicitly has an 'any' type.
tests/TurnManager.test.ts(324,7): error TS7005: Variable 'turnManager' implicitly has an 'any' type.
tests/TurnManager.test.ts(326,7): error TS7005: Variable 'turnManager' implicitly has an 'any' type.
tests/TurnManager.test.ts(328,28): error TS7005: Variable 'mockAnimationScheduler' implicitly has an 'any' type.
tests/TurnManager.test.ts(336,7): error TS7005: Variable 'mockEnemyCollection' implicitly has an 'any' type.
tests/TurnManager.test.ts(337,7): error TS7005: Variable 'turnManager' implicitly has an 'any' type.
tests/TurnManager.test.ts(339,7): error TS7005: Variable 'turnManager' implicitly has an 'any' type.
tests/TurnManager.test.ts(341,14): error TS7005: Variable 'mockCombatManager' implicitly has an 'any' type.
tests/TurnManager.test.ts(349,7): error TS7005: Variable 'mockEnemyCollection' implicitly has an 'any' type.
tests/TurnManager.test.ts(350,7): error TS7005: Variable 'mockEnemyCollection' implicitly has an 'any' type.
tests/TurnManager.test.ts(351,7): error TS7005: Variable 'turnManager' implicitly has an 'any' type.
tests/TurnManager.test.ts(353,28): error TS7005: Variable 'turnManager' implicitly has an 'any' type.
tests/TurnManager.test.ts(354,7): error TS7005: Variable 'turnManager' implicitly has an 'any' type.
tests/TurnManager.test.ts(364,7): error TS7005: Variable 'mockEnemyCollection' implicitly has an 'any' type.
tests/TurnManager.test.ts(367,7): error TS7005: Variable 'mockGame' implicitly has an 'any' type.
tests/TurnManager.test.ts(368,7): error TS7005: Variable 'turnManager' implicitly has an 'any' type.
tests/TurnManager.test.ts(371,14): error TS7005: Variable 'turnManager' implicitly has an 'any' type.
tests/TurnManager.test.ts(374,7): error TS7005: Variable 'mockGame' implicitly has an 'any' type.
tests/TurnManager.test.ts(375,7): error TS7005: Variable 'turnManager' implicitly has an 'any' type.
tests/TurnManager.test.ts(378,14): error TS7005: Variable 'mockGame' implicitly has an 'any' type.
tests/TurnManager.test.ts(381,7): error TS7005: Variable 'turnManager' implicitly has an 'any' type.
tests/TurnManager.test.ts(389,7): error TS7005: Variable 'mockEnemyCollection' implicitly has an 'any' type.
tests/TurnManager.test.ts(390,20): error TS7005: Variable 'turnManager' implicitly has an 'any' type.
tests/TurnManager.test.ts(391,14): error TS7005: Variable 'turnManager' implicitly has an 'any' type.
tests/TurnManager.test.ts(402,9): error TS7005: Variable 'mockEnemyCollection' implicitly has an 'any' type.
tests/TurnManager.test.ts(404,7): error TS7005: Variable 'mockEnemyCollection' implicitly has an 'any' type.
tests/TurnManager.test.ts(406,7): error TS7005: Variable 'turnManager' implicitly has an 'any' type.
tests/TurnManager.test.ts(409,14): error TS7005: Variable 'mockAnimationScheduler' implicitly has an 'any' type.
tests/TurnManager.test.ts(415,7): error TS7005: Variable 'mockGame' implicitly has an 'any' type.
tests/TurnManager.test.ts(416,20): error TS7005: Variable 'turnManager' implicitly has an 'any' type.
tests/TurnManager.test.ts(420,7): error TS7005: Variable 'mockGame' implicitly has an 'any' type.
tests/TurnManager.test.ts(423,7): error TS7005: Variable 'turnManager' implicitly has an 'any' type.
tests/TurnManager.test.ts(424,20): error TS7005: Variable 'turnManager' implicitly has an 'any' type.
tests/TurnManager.test.ts(428,7): error TS7005: Variable 'turnManager' implicitly has an 'any' type.
tests/TurnManager.test.ts(429,7): error TS7005: Variable 'turnManager' implicitly has an 'any' type.
tests/TurnManager.test.ts(431,14): error TS7005: Variable 'mockGame' implicitly has an 'any' type.
tests/TurnManager.test.ts(435,7): error TS7005: Variable 'turnManager' implicitly has an 'any' type.
tests/TurnManager.test.ts(436,7): error TS7005: Variable 'turnManager' implicitly has an 'any' type.
tests/TurnManager.test.ts(438,14): error TS7005: Variable 'mockGame' implicitly has an 'any' type.
tests/UIEventCoordinator.test.ts(7,9): error TS7034: Variable 'mockGame' implicitly has type 'any' in some locations where its type cannot be determined.
tests/UIEventCoordinator.test.ts(8,9): error TS7034: Variable 'mockMessageManager' implicitly has type 'any' in some locations where its type cannot be determined.
tests/UIEventCoordinator.test.ts(9,9): error TS7034: Variable 'mockPanelManager' implicitly has type 'any' in some locations where its type cannot be determined.
tests/UIEventCoordinator.test.ts(39,46): error TS2345: Argument of type '{ pendingConfirmationAction: null; pendingConfirmationData: null; }' is not assignable to parameter of type 'IGame'.
  Type '{ pendingConfirmationAction: null; pendingConfirmationData: null; }' is missing the following properties from type 'IGame': world, ui, audio, zoneGenState, and 89 more.
tests/UIEventCoordinator.test.ts(55,20): error TS7005: Variable 'mockPanelManager' implicitly has an 'any' type.
tests/UIEventCoordinator.test.ts(66,20): error TS7005: Variable 'mockMessageManager' implicitly has an 'any' type.
tests/UIEventCoordinator.test.ts(81,20): error TS7005: Variable 'mockPanelManager' implicitly has an 'any' type.
tests/UIEventCoordinator.test.ts(85,62): error TS2554: Expected 1 arguments, but got 0.
tests/UIEventCoordinator.test.ts(103,20): error TS7005: Variable 'mockPanelManager' implicitly has an 'any' type.
tests/UIEventCoordinator.test.ts(111,20): error TS7005: Variable 'mockPanelManager' implicitly has an 'any' type.
tests/UIEventCoordinator.test.ts(119,20): error TS7005: Variable 'mockMessageManager' implicitly has an 'any' type.
tests/UIEventCoordinator.test.ts(136,20): error TS7005: Variable 'mockGame' implicitly has an 'any' type.
tests/UIEventCoordinator.test.ts(137,20): error TS7005: Variable 'mockGame' implicitly has an 'any' type.
tests/UIEventCoordinator.test.ts(138,20): error TS7005: Variable 'mockMessageManager' implicitly has an 'any' type.
tests/UIEventCoordinator.test.ts(153,20): error TS7005: Variable 'mockMessageManager' implicitly has an 'any' type.
tests/UIEventCoordinator.test.ts(173,20): error TS7005: Variable 'mockMessageManager' implicitly has an 'any' type.
tests/UIEventCoordinator.test.ts(187,20): error TS7005: Variable 'mockMessageManager' implicitly has an 'any' type.
tests/UIEventCoordinator.test.ts(199,20): error TS7005: Variable 'mockMessageManager' implicitly has an 'any' type.
tests/UIEventCoordinator.test.ts(212,20): error TS7005: Variable 'mockMessageManager' implicitly has an 'any' type.
tests/UIEventCoordinator.test.ts(216,64): error TS2554: Expected 1 arguments, but got 0.
tests/UIEventCoordinator.test.ts(225,20): error TS7005: Variable 'mockMessageManager' implicitly has an 'any' type.
tests/UIEventCoordinator.test.ts(236,20): error TS7005: Variable 'mockMessageManager' implicitly has an 'any' type.
tests/UIEventCoordinator.test.ts(248,20): error TS7005: Variable 'mockMessageManager' implicitly has an 'any' type.
tests/UIEventCoordinator.test.ts(257,20): error TS7005: Variable 'mockMessageManager' implicitly has an 'any' type.
tests/UIEventCoordinator.test.ts(279,20): error TS7005: Variable 'mockPanelManager' implicitly has an 'any' type.
tests/UIEventCoordinator.test.ts(280,20): error TS7005: Variable 'mockMessageManager' implicitly has an 'any' type.
tests/UIEventCoordinator.test.ts(281,20): error TS7005: Variable 'mockPanelManager' implicitly has an 'any' type.
tests/UIEventCoordinator.test.ts(294,20): error TS7005: Variable 'mockMessageManager' implicitly has an 'any' type.
tests/UIEventCoordinator.test.ts(301,20): error TS7005: Variable 'mockMessageManager' implicitly has an 'any' type.
tests/UIManager.test.ts(7,7): error TS7034: Variable 'uiManager' implicitly has type 'any' in some locations where its type cannot be determined.
tests/UIManager.test.ts(9,7): error TS7034: Variable 'mockPlayer' implicitly has type 'any' in some locations where its type cannot be determined.
tests/UIManager.test.ts(75,14): error TS2339: Property 'mapCtx' does not exist on type '{ player: any; playerFacade: any; grid: any; enemies: never[]; npcs: never[]; canvas: { getBoundingClientRect: Mock<Procedure>; }; pendingCharge: null; bombPlacementMode: boolean; ... 22 more ...; incrementBombActions: Mock<...>; }'.
tests/UIManager.test.ts(78,14): error TS2339: Property 'specialZones' does not exist on type '{ player: any; playerFacade: any; grid: any; enemies: never[]; npcs: never[]; canvas: { getBoundingClientRect: Mock<Procedure>; }; pendingCharge: null; bombPlacementMode: boolean; ... 22 more ...; incrementBombActions: Mock<...>; }'.
tests/UIManager.test.ts(81,14): error TS2551: Property 'textureManager' does not exist on type '{ player: any; playerFacade: any; grid: any; enemies: never[]; npcs: never[]; canvas: { getBoundingClientRect: Mock<Procedure>; }; pendingCharge: null; bombPlacementMode: boolean; ... 22 more ...; incrementBombActions: Mock<...>; }'. Did you mean 'turnManager'?
tests/UIManager.test.ts(89,31): error TS2345: Argument of type '{ player: any; playerFacade: any; grid: any; enemies: never[]; npcs: never[]; canvas: { getBoundingClientRect: Mock<Procedure>; }; pendingCharge: null; bombPlacementMode: boolean; ... 22 more ...; incrementBombActions: Mock<...>; }' is not assignable to parameter of type 'IGame'.
  Type '{ player: any; playerFacade: any; grid: any; enemies: never[]; npcs: never[]; canvas: { getBoundingClientRect: Mock<Procedure>; }; pendingCharge: null; bombPlacementMode: boolean; ... 22 more ...; incrementBombActions: Mock<...>; }' is missing the following properties from type 'IGame': world, ui, audio, zoneGenState, and 66 more.
tests/UIManager.test.ts(100,14): error TS7005: Variable 'uiManager' implicitly has an 'any' type.
tests/UIManager.test.ts(101,14): error TS7005: Variable 'uiManager' implicitly has an 'any' type.
tests/UIManager.test.ts(102,14): error TS7005: Variable 'uiManager' implicitly has an 'any' type.
tests/UIManager.test.ts(103,14): error TS7005: Variable 'uiManager' implicitly has an 'any' type.
tests/UIManager.test.ts(104,14): error TS7005: Variable 'uiManager' implicitly has an 'any' type.
tests/UIManager.test.ts(164,38): error TS7005: Variable 'uiManager' implicitly has an 'any' type.
tests/UIManager.test.ts(193,32): error TS7005: Variable 'uiManager' implicitly has an 'any' type.
tests/UIManager.test.ts(195,7): error TS7005: Variable 'uiManager' implicitly has an 'any' type.
tests/UIManager.test.ts(201,32): error TS7005: Variable 'uiManager' implicitly has an 'any' type.
tests/UIManager.test.ts(203,7): error TS7005: Variable 'uiManager' implicitly has an 'any' type.
tests/UIManager.test.ts(209,34): error TS7005: Variable 'uiManager' implicitly has an 'any' type.
tests/UIManager.test.ts(219,34): error TS7005: Variable 'uiManager' implicitly has an 'any' type.
tests/UIManager.test.ts(221,7): error TS7005: Variable 'uiManager' implicitly has an 'any' type.
tests/UIManager.test.ts(227,7): error TS7005: Variable 'mockPlayer' implicitly has an 'any' type.
tests/UIManager.test.ts(229,7): error TS7005: Variable 'uiManager' implicitly has an 'any' type.
tests/UIManager.test.ts(236,7): error TS7005: Variable 'mockPlayer' implicitly has an 'any' type.
tests/UIManager.test.ts(237,7): error TS7005: Variable 'mockPlayer' implicitly has an 'any' type.
tests/UIManager.test.ts(238,7): error TS7005: Variable 'mockPlayer' implicitly has an 'any' type.
tests/UIManager.test.ts(239,7): error TS7005: Variable 'mockPlayer' implicitly has an 'any' type.
tests/UIManager.test.ts(241,7): error TS7005: Variable 'uiManager' implicitly has an 'any' type.
tests/UIManager.test.ts(250,34): error TS7005: Variable 'uiManager' implicitly has an 'any' type.
tests/UIManager.test.ts(260,42): error TS7005: Variable 'uiManager' implicitly has an 'any' type.
tests/UIManager.test.ts(261,38): error TS7005: Variable 'uiManager' implicitly has an 'any' type.
tests/UIManager.test.ts(277,21): error TS7005: Variable 'uiManager' implicitly has an 'any' type.
tests/UIManager.test.ts(281,11): error TS7005: Variable 'uiManager' implicitly has an 'any' type.
tests/UIManager.test.ts(281,39): error TS7005: Variable 'uiManager' implicitly has an 'any' type.
tests/UIManager.test.ts(282,33): error TS7005: Variable 'uiManager' implicitly has an 'any' type.
tests/UIManager.test.ts(284,9): error TS7005: Variable 'uiManager' implicitly has an 'any' type.
tests/UIManager.test.ts(293,14): error TS7005: Variable 'uiManager' implicitly has an 'any' type.
tests/UIManager.test.ts(294,14): error TS7005: Variable 'uiManager' implicitly has an 'any' type.
tests/UIManager.test.ts(298,14): error TS7005: Variable 'uiManager' implicitly has an 'any' type.
tests/UIManager.test.ts(299,14): error TS7005: Variable 'uiManager' implicitly has an 'any' type.
tests/UIManager.test.ts(303,14): error TS7005: Variable 'uiManager' implicitly has an 'any' type.
tests/UIManager.test.ts(304,14): error TS7005: Variable 'uiManager' implicitly has an 'any' type.
tests/UIManager.test.ts(308,14): error TS7005: Variable 'uiManager' implicitly has an 'any' type.
tests/UIManager.test.ts(309,14): error TS7005: Variable 'uiManager' implicitly has an 'any' type.
tests/UIManager.test.ts(313,14): error TS7005: Variable 'uiManager' implicitly has an 'any' type.
tests/UIManager.test.ts(314,14): error TS7005: Variable 'uiManager' implicitly has an 'any' type.
tests/ZoneKeyUtils.test.ts(71,39): error TS2345: Argument of type 'number' is not assignable to parameter of type 'string'.
tests/ZoneKeyUtils.test.ts(97,35): error TS2345: Argument of type 'number' is not assignable to parameter of type 'string'.
tests/zoneSpawnManager.test.ts(10,3): error TS2322: Type '1' is not assignable to type '0'.
tests/zoneSpawnManager.test.ts(18,3): error TS2322: Type '1' is not assignable to type '0'.
tests/zoneSpawnManager.test.ts(20,36): error TS2345: Argument of type '{ grid: 0[][]; enemies: never[]; currentZoneX: number; currentZoneY: number; currentDimension: number; game: { portTransitionData: null; }; }' is not assignable to parameter of type 'ZoneGenContext'.
  The types of 'game.portTransitionData' are incompatible between these types.
    Type 'null' is not assignable to type '{ [key: string]: unknown; x: number; y: number; } | undefined'.
tests/zoneSpawnManager.test.ts(22,15): error TS18047: 'pos' is possibly 'null'.
tests/zoneSpawnManager.test.ts(22,22): error TS18047: 'pos' is possibly 'null'.
tools/asset-scanner.ts(466,111): error TS2339: Property 'portrait' does not exist on type 'never'.
tools/board-editor-assets.ts(5,59): error TS2307: Cannot find module 'virtual:asset-manifest' or its corresponding type declarations.
